Starting client with image_path: D:\hangzhan\show\Ai_Platform\Ai_Platform\uploads\1526845a-013e-433a-ac1f-d4c574271d15.TIF and ai_mode: 3
2024-06-21 19:40:10,668 - INFO - -----------开始发送----------
2024-06-21 19:40:10,668 - INFO - send size: 4962
File info.xlsx sent
2024-06-21 19:40:10,708 - INFO - Sent Excel file done
2024-06-21 19:40:10,709 - INFO - send size: 27024372
File 1526845a-013e-433a-ac1f-d4c574271d15.TIF sent
2024-06-21 19:40:13,129 - INFO - Sent image file done
2024-06-21 19:40:13,129 - INFO - -----------开始接收图片----------
2024-06-21 19:40:13,129 - INFO - start to recv jpg:
2024-06-21 19:40:13,129 - INFO - recv file called
2024-06-21 19:40:15,815 - INFO - recv len: 1998596
2024-06-21 19:40:15,815 - INFO - back signal
2024-06-21 19:40:16,044 - INFO - File saved to D:\hangzhan\show\Ai_Platform\Ai_Platform\src\assets\result\ai_result.jpg, 1998596/1998596
2024-06-21 19:40:16,044 - INFO - Received result jpg file saved at: ai_result.jpg
2024-06-21 19:40:16,045 - INFO - -----------开始接收excel----------
2024-06-21 19:40:16,045 - INFO - recv file called
2024-06-21 19:40:16,048 - INFO - recv len: 6587
2024-06-21 19:40:16,048 - INFO - back signal
2024-06-21 19:40:16,051 - INFO - File saved to D:\hangzhan\show\Ai_Platform\Ai_Platform\src\assets\result\result_ai_info.xlsx, 6587/6587
2024-06-21 19:40:16,052 - INFO - Received result Excel file saved at: result_ai_info.xlsx
