Starting client with image_path: D:\hangzhan\show\Ai_Platform\Ai_Platform\uploads\1ad3c855-cb84-4d5f-956c-c111e0e13286.jpg and ai_mode: 3
2024-06-21 16:28:52,132 - INFO - -----------开始发送----------
2024-06-21 16:28:52,132 - INFO - send size: 4963
File info.xlsx sent
2024-06-21 16:28:52,156 - INFO - Sent Excel file done
2024-06-21 16:28:52,156 - INFO - send size: 2981581
File 1ad3c855-cb84-4d5f-956c-c111e0e13286.jpg sent
2024-06-21 16:28:52,431 - INFO - Sent image file done
2024-06-21 16:28:52,432 - INFO - -----------开始接收图片----------
2024-06-21 16:28:52,432 - INFO - start to recv jpg:
2024-06-21 16:28:52,432 - INFO - recv file called
2024-06-21 16:28:55,199 - INFO - recv len: 3038945
2024-06-21 16:28:55,200 - INFO - back signal
2024-06-21 16:28:55,465 - INFO - File saved to D:\hangzhan\show\Ai_Platform\Ai_Platform\src\assets\result\ai_result.jpg, 3038945/3038945
2024-06-21 16:28:55,465 - INFO - Received result jpg file saved at: ai_result.jpg
2024-06-21 16:28:55,465 - INFO - -----------开始接收excel----------
2024-06-21 16:28:55,466 - INFO - recv file called
2024-06-21 16:28:55,467 - INFO - recv len: 6586
2024-06-21 16:28:55,467 - INFO - back signal
2024-06-21 16:28:55,471 - INFO - File saved to D:\hangzhan\show\Ai_Platform\Ai_Platform\src\assets\result\result_ai_info.xlsx, 6586/6586
2024-06-21 16:28:55,472 - INFO - Received result Excel file saved at: result_ai_info.xlsx
