Starting client with image_path: D:\hangzhan\show\Ai_Platform\Ai_Platform\uploads\209a595c-db3e-4154-9c73-11fdc282140c.jpg and ai_mode: 3
2024-06-25 10:15:24,444 - INFO - -----------开始发送----------
2024-06-25 10:15:24,459 - INFO - send size: 4963
File info.xlsx sent
2024-06-25 10:15:24,485 - INFO - Sent Excel file done
2024-06-25 10:15:24,485 - INFO - send size: 3419777
File 209a595c-db3e-4154-9c73-11fdc282140c.jpg sent
2024-06-25 10:15:24,798 - INFO - Sent image file done
2024-06-25 10:15:24,799 - INFO - -----------开始接收图片----------
2024-06-25 10:15:24,799 - INFO - start to recv jpg:
2024-06-25 10:15:24,799 - INFO - recv file called
2024-06-25 10:15:27,601 - INFO - recv len: 3638093
2024-06-25 10:15:27,601 - INFO - back signal
2024-06-25 10:15:27,936 - INFO - File saved to D:\hangzhan\show\Ai_Platform\Ai_Platform\src\assets\result\ai_result.jpg, 3638093/3638093
2024-06-25 10:15:27,936 - INFO - Received result jpg file saved at: ai_result.jpg
2024-06-25 10:15:27,938 - INFO - -----------开始接收excel----------
2024-06-25 10:15:27,938 - INFO - recv file called
2024-06-25 10:15:27,940 - INFO - recv len: 6588
2024-06-25 10:15:27,940 - INFO - back signal
2024-06-25 10:15:27,944 - INFO - File saved to D:\hangzhan\show\Ai_Platform\Ai_Platform\src\assets\result\result_ai_info.xlsx, 6588/6588
2024-06-25 10:15:27,944 - INFO - Received result Excel file saved at: result_ai_info.xlsx
