Starting client with image_path: D:\hangzhan\show\Ai_Platform\Ai_Platform\uploads\22abb17c-22fd-4d00-af6a-1fc4e063696a.jpg and ai_mode: 2
2024-06-25 10:29:16,566 - INFO - -----------开始发送----------
2024-06-25 10:29:16,566 - INFO - send size: 4962
File info.xlsx sent
2024-06-25 10:29:17,498 - INFO - Sent Excel file done
2024-06-25 10:29:17,498 - INFO - send size: 13064653
File 22abb17c-22fd-4d00-af6a-1fc4e063696a.jpg sent
2024-06-25 10:29:23,782 - INFO - Sent image file done
2024-06-25 10:29:23,782 - INFO - -----------开始接收图片----------
2024-06-25 10:29:23,782 - INFO - start to recv jpg:
2024-06-25 10:29:23,782 - INFO - recv file called
2024-06-25 10:29:29,545 - INFO - recv len: 13440947
2024-06-25 10:29:29,546 - INFO - back signal
2024-06-25 10:29:36,401 - INFO - File saved to D:\hangzhan\show\Ai_Platform\Ai_Platform\src\assets\result\ai_result.jpg, 13440947/13440947
2024-06-25 10:29:36,407 - INFO - Received result jpg file saved at: ai_result.jpg
2024-06-25 10:29:36,407 - INFO - -----------开始接收excel----------
2024-06-25 10:29:36,407 - INFO - recv file called
2024-06-25 10:29:36,407 - INFO - recv len: 6030
2024-06-25 10:29:36,407 - INFO - back signal
2024-06-25 10:29:36,407 - INFO - File saved to D:\hangzhan\show\Ai_Platform\Ai_Platform\src\assets\result\result_ai_info.xlsx, 6030/6030
2024-06-25 10:29:36,413 - INFO - Received result Excel file saved at: result_ai_info.xlsx
