Starting client with image_path: D:\hangzhan\show\Ai_Platform\Ai_Platform\uploads\25cb4f22-dc6b-4e42-a933-f443da40f063.tif and ai_mode: 3
2024-06-21 16:29:40,652 - INFO - -----------开始发送----------
2024-06-21 16:29:40,652 - INFO - send size: 4963
File info.xlsx sent
2024-06-21 16:29:40,678 - INFO - Sent Excel file done
2024-06-21 16:29:40,678 - INFO - send size: 15525894
File 25cb4f22-dc6b-4e42-a933-f443da40f063.tif sent
2024-06-21 16:29:42,033 - INFO - Sent image file done
2024-06-21 16:29:42,033 - INFO - -----------开始接收图片----------
2024-06-21 16:29:42,033 - INFO - start to recv jpg:
2024-06-21 16:29:42,033 - INFO - recv file called
2024-06-21 16:29:47,083 - INFO - recv len: 2806274
2024-06-21 16:29:47,084 - INFO - back signal
2024-06-21 16:29:47,338 - INFO - File saved to D:\hangzhan\show\Ai_Platform\Ai_Platform\src\assets\result\ai_result.jpg, 2806274/2806274
2024-06-21 16:29:47,339 - INFO - Received result jpg file saved at: ai_result.jpg
2024-06-21 16:29:47,340 - INFO - -----------开始接收excel----------
2024-06-21 16:29:47,340 - INFO - recv file called
2024-06-21 16:29:47,343 - INFO - recv len: 6583
2024-06-21 16:29:47,343 - INFO - back signal
2024-06-21 16:29:47,347 - INFO - File saved to D:\hangzhan\show\Ai_Platform\Ai_Platform\src\assets\result\result_ai_info.xlsx, 6583/6583
2024-06-21 16:29:47,348 - INFO - Received result Excel file saved at: result_ai_info.xlsx
