Starting client with image_path: D:\hangzhan\show\Ai_Platform\Ai_Platform\uploads\2669bd91-6846-4ee7-9a3a-610f320fa502.jpg and ai_mode: 2
Starting client work with image_path: D:\hangzhan\show\Ai_Platform\Ai_Platform\uploads\2669bd91-6846-4ee7-9a3a-610f320fa502.jpg and ai_mode: 2
Connected to server at ('172.16.100.104', 12345)
2024-06-20 13:03:55,074 - INFO - send size: 4962
File info.xlsx sent
2024-06-20 13:03:55,083 - INFO - Sent Excel file
2024-06-20 13:03:55,083 - INFO - send size: 13064653
File 2669bd91-6846-4ee7-9a3a-610f320fa502.jpg sent
2024-06-20 13:03:55,136 - INFO - Sent image file
2024-06-20 13:03:55,137 - INFO - start to recv excel:
2024-06-20 13:03:55,137 - INFO - recv file called
2024-06-20 13:03:58,185 - INFO - recv len: 5952
2024-06-20 13:03:58,185 - INFO - back signal
2024-06-20 13:03:58,189 - INFO - File saved to D:\hangzhan\show\Ai_Platform\Ai_Platform\src\assets\result\result_ai_info.xlsx, 5952/5952
2024-06-20 13:03:58,190 - INFO - Received result Excel file saved at: result_ai_info.xlsx
2024-06-20 13:03:58,190 - INFO - start to recv jpg:
2024-06-20 13:03:58,190 - INFO - recv file called
2024-06-20 13:03:58,191 - INFO - recv len: 13279113
2024-06-20 13:03:58,192 - INFO - back signal
2024-06-20 13:03:59,339 - INFO - File saved to D:\hangzhan\show\Ai_Platform\Ai_Platform\src\assets\result\ai_result.jpg, 13279113/13279113
2024-06-20 13:03:59,339 - INFO - Received result jpg file saved at: ai_result.jpg
