Starting client with image_path: D:\hangzhan\show\Ai_Platform\Ai_Platform\uploads\29da382d-04f6-472e-bf07-84fdf86fd122.tif and ai_mode: 1
2024-06-21 16:02:03,681 - INFO - -----------开始发送----------
2024-06-21 16:02:03,682 - INFO - send size: 4959
File info.xlsx sent
2024-06-21 16:02:03,716 - INFO - Sent Excel file done
2024-06-21 16:02:03,716 - INFO - send size: 15525894
File 29da382d-04f6-472e-bf07-84fdf86fd122.tif sent
2024-06-21 16:02:05,066 - INFO - Sent image file done
2024-06-21 16:02:05,066 - INFO - -----------开始接收图片----------
2024-06-21 16:02:05,066 - INFO - start to recv jpg:
2024-06-21 16:02:05,066 - INFO - recv file called
2024-06-21 16:02:09,307 - INFO - recv len: 2792961
2024-06-21 16:02:09,308 - INFO - back signal
2024-06-21 16:02:09,557 - INFO - File saved to D:\hangzhan\show\Ai_Platform\Ai_Platform\src\assets\result\ai_result.jpg, 2792961/2792961
2024-06-21 16:02:09,557 - INFO - Received result jpg file saved at: ai_result.jpg
2024-06-21 16:02:09,558 - INFO - -----------开始接收excel----------
2024-06-21 16:02:09,558 - INFO - recv file called
2024-06-21 16:02:09,559 - INFO - recv len: 6602
2024-06-21 16:02:09,559 - INFO - back signal
2024-06-21 16:02:09,562 - INFO - File saved to D:\hangzhan\show\Ai_Platform\Ai_Platform\src\assets\result\result_ai_info.xlsx, 6602/6602
2024-06-21 16:02:09,562 - INFO - Received result Excel file saved at: result_ai_info.xlsx
