Starting client with image_path: D:\hangzhan\show\Ai_Platform\Ai_Platform\uploads\365d8c88-933c-48fd-aceb-0ee02eded25d.jpg and ai_mode: 2
2024-06-20 14:31:42,967 - INFO - -----------开始发送----------
2024-06-20 14:31:42,967 - INFO - send size: 4962
File info.xlsx sent
2024-06-20 14:31:42,977 - INFO - Sent Excel file done
2024-06-20 14:31:42,978 - INFO - send size: 13064653
File 365d8c88-933c-48fd-aceb-0ee02eded25d.jpg sent
2024-06-20 14:31:43,007 - INFO - Sent image file done
2024-06-20 14:31:43,007 - INFO - -----------开始接收图片----------
2024-06-20 14:31:43,008 - INFO - start to recv jpg:
2024-06-20 14:31:43,008 - INFO - recv file called
2024-06-20 14:31:50,447 - INFO - recv len: 13239746
2024-06-20 14:31:50,448 - INFO - back signal
2024-06-20 14:31:53,721 - INFO - File saved to D:\hangzhan\show\Ai_Platform\Ai_Platform\src\assets\result\ai_result.jpg, 13239746/13239746
2024-06-20 14:31:53,721 - INFO - Received result jpg file saved at: ai_result.jpg
2024-06-20 14:31:53,723 - INFO - -----------开始接收excel----------
2024-06-20 14:31:53,723 - INFO - recv file called
2024-06-20 14:31:56,758 - INFO - recv len: 5953
2024-06-20 14:31:56,759 - INFO - back signal
2024-06-20 14:31:56,763 - INFO - File saved to D:\hangzhan\show\Ai_Platform\Ai_Platform\src\assets\result\result_ai_info.xlsx, 5953/5953
2024-06-20 14:31:56,764 - INFO - Received result Excel file saved at: result_ai_info.xlsx
