Starting client with image_path: D:\hangzhan\show\Ai_Platform\Ai_Platform\uploads\3f269a41-e2dc-4a23-a2fe-e563e02d3013.jpg and ai_mode: 2
2024-06-21 19:28:50,616 - INFO - -----------开始发送----------
2024-06-21 19:28:50,616 - INFO - send size: 4963
File info.xlsx sent
2024-06-21 19:28:50,699 - INFO - Sent Excel file done
2024-06-21 19:28:50,700 - INFO - send size: 13064653
File 3f269a41-e2dc-4a23-a2fe-e563e02d3013.jpg sent
2024-06-21 19:28:51,881 - INFO - Sent image file done
2024-06-21 19:28:51,882 - INFO - -----------开始接收图片----------
2024-06-21 19:28:51,882 - INFO - start to recv jpg:
2024-06-21 19:28:51,882 - INFO - recv file called
2024-06-21 19:28:59,202 - INFO - recv len: 13366531
2024-06-21 19:28:59,202 - INFO - back signal
2024-06-21 19:29:00,404 - INFO - File saved to D:\hangzhan\show\Ai_Platform\Ai_Platform\src\assets\result\ai_result.jpg, 13366531/13366531
2024-06-21 19:29:00,405 - INFO - Received result jpg file saved at: ai_result.jpg
2024-06-21 19:29:00,406 - INFO - -----------开始接收excel----------
2024-06-21 19:29:00,407 - INFO - recv file called
2024-06-21 19:29:00,408 - INFO - recv len: 6033
2024-06-21 19:29:00,408 - INFO - back signal
2024-06-21 19:29:00,411 - INFO - File saved to D:\hangzhan\show\Ai_Platform\Ai_Platform\src\assets\result\result_ai_info.xlsx, 6033/6033
2024-06-21 19:29:00,412 - INFO - Received result Excel file saved at: result_ai_info.xlsx
