Starting client with image_path: D:\hangzhan\show\Ai_Platform\Ai_Platform\uploads\41088523-d94c-43c8-b0dc-9f70de256f27.jpg and ai_mode: 3
2024-06-26 14:04:14,959 - INFO - -----------开始发送----------
2024-06-26 14:04:14,959 - INFO - send size: 4962
File info.xlsx sent
2024-06-26 14:04:14,979 - INFO - Sent Excel file done
2024-06-26 14:04:14,979 - INFO - send size: 13064653
File 41088523-d94c-43c8-b0dc-9f70de256f27.jpg sent
2024-06-26 14:04:16,144 - INFO - Sent image file done
2024-06-26 14:04:16,144 - INFO - -----------开始接收图片----------
2024-06-26 14:04:16,144 - INFO - start to recv jpg:
2024-06-26 14:04:16,145 - INFO - recv file called
2024-06-26 14:04:21,135 - INFO - recv len: 13115829
2024-06-26 14:04:21,135 - INFO - back signal
2024-06-26 14:04:22,303 - INFO - File saved to D:\hangzhan\show\Ai_Platform\Ai_Platform\src\assets\result\ai_result.jpg, 13115829/13115829
2024-06-26 14:04:22,303 - INFO - Received result jpg file saved at: ai_result.jpg
2024-06-26 14:04:22,304 - INFO - -----------开始接收excel----------
2024-06-26 14:04:22,304 - INFO - recv file called
2024-06-26 14:04:22,305 - INFO - recv len: 6870
2024-06-26 14:04:22,305 - INFO - back signal
2024-06-26 14:04:22,308 - INFO - File saved to D:\hangzhan\show\Ai_Platform\Ai_Platform\src\assets\result\result_ai_info.xlsx, 6870/6870
2024-06-26 14:04:22,309 - INFO - Received result Excel file saved at: result_ai_info.xlsx
