Starting client with image_path: D:\hangzhan\show\Ai_Platform\Ai_Platform\uploads\411ec468-b8dd-4813-a660-833204992744.tif and ai_mode: 3
2024-06-24 18:13:21,683 - INFO - -----------开始发送----------
2024-06-24 18:13:21,684 - INFO - send size: 4962
File info.xlsx sent
2024-06-24 18:13:21,710 - INFO - Sent Excel file done
2024-06-24 18:13:21,710 - INFO - send size: 15525894
File 411ec468-b8dd-4813-a660-833204992744.tif sent
2024-06-24 18:13:23,066 - INFO - Sent image file done
2024-06-24 18:13:23,066 - INFO - -----------开始接收图片----------
2024-06-24 18:13:23,066 - INFO - start to recv jpg:
2024-06-24 18:13:23,066 - INFO - recv file called
2024-06-24 18:13:27,343 - INFO - recv len: 2801508
2024-06-24 18:13:27,343 - INFO - back signal
2024-06-24 18:13:27,600 - INFO - File saved to D:\hangzhan\show\Ai_Platform\Ai_Platform\src\assets\result\ai_result.jpg, 2801508/2801508
2024-06-24 18:13:27,600 - INFO - Received result jpg file saved at: ai_result.jpg
2024-06-24 18:13:27,613 - INFO - -----------开始接收excel----------
2024-06-24 18:13:27,613 - INFO - recv file called
2024-06-24 18:13:27,613 - INFO - recv len: 6580
2024-06-24 18:13:27,613 - INFO - back signal
2024-06-24 18:13:27,618 - INFO - File saved to D:\hangzhan\show\Ai_Platform\Ai_Platform\src\assets\result\result_ai_info.xlsx, 6580/6580
2024-06-24 18:13:27,620 - INFO - Received result Excel file saved at: result_ai_info.xlsx
