Starting client with image_path: D:\hangzhan\show\Ai_Platform\Ai_Platform\uploads\474592fc-0fdd-4483-80c0-272adf66b42e.jpg and ai_mode: 2
Starting client work with image_path: D:\hangzhan\show\Ai_Platform\Ai_Platform\uploads\474592fc-0fdd-4483-80c0-272adf66b42e.jpg and ai_mode: 2
Connected to server at ('172.16.100.104', 12345)
2024-06-20 13:52:44,853 - INFO - send size: 4963
File info.xlsx sent
2024-06-20 13:52:44,863 - INFO - Sent Excel file
2024-06-20 13:52:44,863 - INFO - send size: 13064653
File 474592fc-0fdd-4483-80c0-272adf66b42e.jpg sent
2024-06-20 13:52:44,891 - INFO - Sent image file
2024-06-20 13:52:44,891 - INFO - start to recv excel:
2024-06-20 13:52:44,892 - INFO - recv file called
2024-06-20 13:52:51,438 - INFO - recv len: 5955
2024-06-20 13:52:51,438 - INFO - back signal
2024-06-20 13:52:51,443 - INFO - File saved to D:\hangzhan\show\Ai_Platform\Ai_Platform\src\assets\result\result_ai_info.xlsx, 5955/5955
2024-06-20 13:52:51,444 - INFO - Received result Excel file saved at: result_ai_info.xlsx
2024-06-20 13:52:51,444 - INFO - start to recv jpg:
2024-06-20 13:52:51,444 - INFO - recv file called
2024-06-20 13:52:51,446 - INFO - recv len: 13216373
2024-06-20 13:52:51,446 - INFO - back signal
2024-06-20 13:52:53,595 - INFO - File saved to D:\hangzhan\show\Ai_Platform\Ai_Platform\src\assets\result\ai_result.jpg, 13216373/13216373
2024-06-20 13:52:53,595 - INFO - Received result jpg file saved at: ai_result.jpg
