Starting client with image_path: D:\hangzhan\show\Ai_Platform\Ai_Platform\uploads\4ba455d6-4997-4746-93cf-e652bd5875e2.jpg and ai_mode: 2
2024-06-21 16:24:09,843 - INFO - -----------开始发送----------
2024-06-21 16:24:09,843 - INFO - send size: 4963
File info.xlsx sent
2024-06-21 16:24:09,869 - INFO - Sent Excel file done
2024-06-21 16:24:09,870 - INFO - send size: 13064653
File 4ba455d6-4997-4746-93cf-e652bd5875e2.jpg sent
2024-06-21 16:24:11,018 - INFO - Sent image file done
2024-06-21 16:24:11,019 - INFO - -----------开始接收图片----------
2024-06-21 16:24:11,019 - INFO - start to recv jpg:
2024-06-21 16:24:11,019 - INFO - recv file called
2024-06-21 16:24:18,226 - INFO - recv len: 13226774
2024-06-21 16:24:18,226 - INFO - back signal
2024-06-21 16:24:19,385 - INFO - File saved to D:\hangzhan\show\Ai_Platform\Ai_Platform\src\assets\result\ai_result.jpg, 13226774/13226774
2024-06-21 16:24:19,385 - INFO - Received result jpg file saved at: ai_result.jpg
2024-06-21 16:24:19,386 - INFO - -----------开始接收excel----------
2024-06-21 16:24:19,386 - INFO - recv file called
2024-06-21 16:24:19,389 - INFO - recv len: 5908
2024-06-21 16:24:19,390 - INFO - back signal
2024-06-21 16:24:19,392 - INFO - File saved to D:\hangzhan\show\Ai_Platform\Ai_Platform\src\assets\result\result_ai_info.xlsx, 5908/5908
2024-06-21 16:24:19,393 - INFO - Received result Excel file saved at: result_ai_info.xlsx
