Starting client with image_path: D:\hangzhan\show\Ai_Platform\Ai_Platform\uploads\4ec77bc4-1c41-445e-aa00-74995e53f78a.jpg and ai_mode: 3
2024-06-26 14:04:44,877 - INFO - -----------开始发送----------
2024-06-26 14:04:44,877 - INFO - send size: 4962
File info.xlsx sent
2024-06-26 14:04:44,898 - INFO - Sent Excel file done
2024-06-26 14:04:44,898 - INFO - send size: 13064653
File 4ec77bc4-1c41-445e-aa00-74995e53f78a.jpg sent
2024-06-26 14:04:46,637 - INFO - Sent image file done
2024-06-26 14:04:46,637 - INFO - -----------开始接收图片----------
2024-06-26 14:04:46,638 - INFO - start to recv jpg:
2024-06-26 14:04:46,638 - INFO - recv file called
2024-06-26 14:04:51,636 - INFO - recv len: 13112633
2024-06-26 14:04:51,636 - INFO - back signal
2024-06-26 14:04:52,796 - INFO - File saved to D:\hangzhan\show\Ai_Platform\Ai_Platform\src\assets\result\ai_result.jpg, 13112633/13112633
2024-06-26 14:04:52,796 - INFO - Received result jpg file saved at: ai_result.jpg
2024-06-26 14:04:52,799 - INFO - -----------开始接收excel----------
2024-06-26 14:04:52,799 - INFO - recv file called
2024-06-26 14:04:52,801 - INFO - recv len: 6869
2024-06-26 14:04:52,801 - INFO - back signal
2024-06-26 14:04:52,804 - INFO - File saved to D:\hangzhan\show\Ai_Platform\Ai_Platform\src\assets\result\result_ai_info.xlsx, 6869/6869
2024-06-26 14:04:52,804 - INFO - Received result Excel file saved at: result_ai_info.xlsx
