Starting client with image_path: D:\hangzhan\show\Ai_Platform\Ai_Platform\uploads\55ebb107-8336-4187-851d-22e845bb8519.jpg and ai_mode: 2
2024-06-25 10:07:45,856 - INFO - -----------开始发送----------
2024-06-25 10:07:45,856 - INFO - send size: 4963
File info.xlsx sent
2024-06-25 10:07:45,917 - INFO - Sent Excel file done
2024-06-25 10:07:45,917 - INFO - send size: 13064653
File 55ebb107-8336-4187-851d-22e845bb8519.jpg sent
2024-06-25 10:07:47,070 - INFO - Sent image file done
2024-06-25 10:07:47,071 - INFO - -----------开始接收图片----------
2024-06-25 10:07:47,071 - INFO - start to recv jpg:
2024-06-25 10:07:47,071 - INFO - recv file called
2024-06-25 10:07:56,145 - INFO - recv len: 13466516
2024-06-25 10:07:56,146 - INFO - back signal
2024-06-25 10:08:01,133 - INFO - File saved to D:\hangzhan\show\Ai_Platform\Ai_Platform\src\assets\result\ai_result.jpg, 13466516/13466516
2024-06-25 10:08:01,133 - INFO - Received result jpg file saved at: ai_result.jpg
2024-06-25 10:08:01,133 - INFO - -----------开始接收excel----------
2024-06-25 10:08:01,133 - INFO - recv file called
2024-06-25 10:08:01,133 - INFO - recv len: 6034
2024-06-25 10:08:01,133 - INFO - back signal
2024-06-25 10:08:01,144 - INFO - File saved to D:\hangzhan\show\Ai_Platform\Ai_Platform\src\assets\result\result_ai_info.xlsx, 6034/6034
2024-06-25 10:08:01,145 - INFO - Received result Excel file saved at: result_ai_info.xlsx
