Starting client with image_path: D:\hangzhan\show\Ai_Platform\Ai_Platform\uploads\58b2554c-9aa7-4a3d-b8c5-44ce2f85537c.jpg and ai_mode: 2
2024-06-25 17:09:27,753 - INFO - -----------开始发送----------
2024-06-25 17:09:27,753 - INFO - send size: 4963
File info.xlsx sent
2024-06-25 17:09:27,768 - INFO - Sent Excel file done
2024-06-25 17:09:27,768 - INFO - send size: 13064653
File 58b2554c-9aa7-4a3d-b8c5-44ce2f85537c.jpg sent
2024-06-25 17:09:28,906 - INFO - Sent image file done
2024-06-25 17:09:28,906 - INFO - -----------开始接收图片----------
2024-06-25 17:09:28,906 - INFO - start to recv jpg:
2024-06-25 17:09:28,906 - INFO - recv file called
2024-06-25 17:09:34,411 - INFO - recv len: 13343039
2024-06-25 17:09:34,417 - INFO - back signal
2024-06-25 17:09:35,726 - INFO - File saved to D:\hangzhan\show\Ai_Platform\Ai_Platform\src\assets\result\ai_result.jpg, 13343039/13343039
2024-06-25 17:09:35,726 - INFO - Received result jpg file saved at: ai_result.jpg
2024-06-25 17:09:35,726 - INFO - -----------开始接收excel----------
2024-06-25 17:09:35,726 - INFO - recv file called
2024-06-25 17:09:35,728 - INFO - recv len: 6032
2024-06-25 17:09:35,728 - INFO - back signal
2024-06-25 17:09:35,731 - INFO - File saved to D:\hangzhan\show\Ai_Platform\Ai_Platform\src\assets\result\result_ai_info.xlsx, 6032/6032
2024-06-25 17:09:35,731 - INFO - Received result Excel file saved at: result_ai_info.xlsx
