Starting client with image_path: D:\hangzhan\show\Ai_Platform\Ai_Platform\uploads\5d0e8272-490b-40c3-b9b6-1e7117e9f704.TIF and ai_mode: 3
2024-06-21 19:36:57,078 - INFO - -----------开始发送----------
2024-06-21 19:36:57,079 - INFO - send size: 4963
File info.xlsx sent
2024-06-21 19:36:57,132 - INFO - Sent Excel file done
2024-06-21 19:36:57,133 - INFO - send size: 27024372
File 5d0e8272-490b-40c3-b9b6-1e7117e9f704.TIF sent
2024-06-21 19:36:59,578 - INFO - Sent image file done
2024-06-21 19:36:59,578 - INFO - -----------开始接收图片----------
2024-06-21 19:36:59,578 - INFO - start to recv jpg:
2024-06-21 19:36:59,578 - INFO - recv file called
2024-06-21 19:37:02,504 - INFO - recv len: 1994584
2024-06-21 19:37:02,504 - INFO - back signal
2024-06-21 19:37:02,682 - INFO - File saved to D:\hangzhan\show\Ai_Platform\Ai_Platform\src\assets\result\ai_result.jpg, 1994584/1994584
2024-06-21 19:37:02,682 - INFO - Received result jpg file saved at: ai_result.jpg
2024-06-21 19:37:02,683 - INFO - -----------开始接收excel----------
2024-06-21 19:37:02,683 - INFO - recv file called
2024-06-21 19:37:02,685 - INFO - recv len: 6583
2024-06-21 19:37:02,686 - INFO - back signal
2024-06-21 19:37:02,688 - INFO - File saved to D:\hangzhan\show\Ai_Platform\Ai_Platform\src\assets\result\result_ai_info.xlsx, 6583/6583
2024-06-21 19:37:02,689 - INFO - Received result Excel file saved at: result_ai_info.xlsx
