Starting client with image_path: D:\hangzhan\show\Ai_Platform\Ai_Platform\uploads\67b5d434-7456-4924-9deb-fba75e0133ee.jpg and ai_mode: 1
Starting client work with image_path: D:\hangzhan\show\Ai_Platform\Ai_Platform\uploads\67b5d434-7456-4924-9deb-fba75e0133ee.jpg and ai_mode: 1
Connected to server at ('172.16.100.104', 12345)
2024-06-20 12:03:11,501 - INFO - send size: 4959
File info.xlsx sent
2024-06-20 12:03:11,764 - INFO - Sent Excel file
2024-06-20 12:03:11,764 - INFO - send size: 13064653
File 67b5d434-7456-4924-9deb-fba75e0133ee.jpg sent
2024-06-20 12:03:11,794 - INFO - Sent image file
2024-06-20 12:03:11,795 - INFO - start to recv excel:
2024-06-20 12:03:11,797 - INFO - recv file called
2024-06-20 12:03:20,045 - INFO - recv len: 6508
2024-06-20 12:03:20,045 - INFO - back signal
2024-06-20 12:03:20,048 - INFO - File saved to D:\hangzhan\show\Ai_Platform\Ai_Platform\src\assets\result\result_ai_info.xlsx, 6508/6508
2024-06-20 12:03:20,049 - INFO - Received result Excel file saved at: result_ai_info.xlsx
2024-06-20 12:03:20,049 - INFO - start to recv jpg:
2024-06-20 12:03:20,049 - INFO - recv file called
2024-06-20 12:03:20,051 - INFO - recv len: 13065240
2024-06-20 12:03:20,051 - INFO - back signal
2024-06-20 12:03:21,205 - INFO - File saved to D:\hangzhan\show\Ai_Platform\Ai_Platform\src\assets\result\ai_result.jpg, 13065240/13065240
2024-06-20 12:03:21,205 - INFO - Received result jpg file saved at: ai_result.jpg
