Starting client with image_path: D:\hangzhan\show\Ai_Platform\Ai_Platform\uploads\67ba62d2-dbed-4723-bde9-346d31b9b2aa.jpg and ai_mode: 1
2024-06-21 16:08:01,368 - INFO - -----------开始发送----------
2024-06-21 16:08:01,368 - INFO - send size: 4959
File info.xlsx sent
2024-06-21 16:08:01,391 - INFO - Sent Excel file done
2024-06-21 16:08:01,392 - INFO - send size: 13064653
File 67ba62d2-dbed-4723-bde9-346d31b9b2aa.jpg sent
2024-06-21 16:08:02,533 - INFO - Sent image file done
2024-06-21 16:08:02,533 - INFO - -----------开始接收图片----------
2024-06-21 16:08:02,533 - INFO - start to recv jpg:
2024-06-21 16:08:02,533 - INFO - recv file called
2024-06-21 16:08:09,101 - INFO - recv len: 13064715
2024-06-21 16:08:09,102 - INFO - back signal
2024-06-21 16:08:10,228 - INFO - File saved to D:\hangzhan\show\Ai_Platform\Ai_Platform\src\assets\result\ai_result.jpg, 13064715/13064715
2024-06-21 16:08:10,229 - INFO - Received result jpg file saved at: ai_result.jpg
2024-06-21 16:08:10,231 - INFO - -----------开始接收excel----------
2024-06-21 16:08:10,231 - INFO - recv file called
2024-06-21 16:08:10,234 - INFO - recv len: 6515
2024-06-21 16:08:10,234 - INFO - back signal
2024-06-21 16:08:10,238 - INFO - File saved to D:\hangzhan\show\Ai_Platform\Ai_Platform\src\assets\result\result_ai_info.xlsx, 6515/6515
2024-06-21 16:08:10,238 - INFO - Received result Excel file saved at: result_ai_info.xlsx
