Starting client with image_path: D:\hangzhan\show\Ai_Platform\Ai_Platform\uploads\6a01ac7b-38e7-45a3-8861-a579bcb4984e.TIF and ai_mode: 3
2024-06-21 19:38:11,777 - INFO - -----------开始发送----------
2024-06-21 19:38:11,777 - INFO - send size: 4962
File info.xlsx sent
2024-06-21 19:38:11,814 - INFO - Sent Excel file done
2024-06-21 19:38:11,814 - INFO - send size: 27024372
File 6a01ac7b-38e7-45a3-8861-a579bcb4984e.TIF sent
2024-06-21 19:38:14,227 - INFO - Sent image file done
2024-06-21 19:38:14,227 - INFO - -----------开始接收图片----------
2024-06-21 19:38:14,227 - INFO - start to recv jpg:
2024-06-21 19:38:14,227 - INFO - recv file called
2024-06-21 19:38:18,669 - INFO - recv len: 1971637
2024-06-21 19:38:18,670 - INFO - back signal
2024-06-21 19:38:18,854 - INFO - File saved to D:\hangzhan\show\Ai_Platform\Ai_Platform\src\assets\result\ai_result.jpg, 1971637/1971637
2024-06-21 19:38:18,854 - INFO - Received result jpg file saved at: ai_result.jpg
2024-06-21 19:38:18,856 - INFO - -----------开始接收excel----------
2024-06-21 19:38:18,856 - INFO - recv file called
2024-06-21 19:38:18,858 - INFO - recv len: 6589
2024-06-21 19:38:18,859 - INFO - back signal
2024-06-21 19:38:18,862 - INFO - File saved to D:\hangzhan\show\Ai_Platform\Ai_Platform\src\assets\result\result_ai_info.xlsx, 6589/6589
2024-06-21 19:38:18,863 - INFO - Received result Excel file saved at: result_ai_info.xlsx
