Starting client with image_path: D:\hangzhan\show\Ai_Platform\Ai_Platform\uploads\6eb27335-83c2-43bf-aeb4-cef40b709862.jpg and ai_mode: 2
Starting client work with image_path: D:\hangzhan\show\Ai_Platform\Ai_Platform\uploads\6eb27335-83c2-43bf-aeb4-cef40b709862.jpg and ai_mode: 2
Connected to server at ('172.16.100.104', 12345)
2024-06-20 13:10:15,389 - INFO - send size: 4962
File info.xlsx sent
2024-06-20 13:10:15,400 - INFO - Sent Excel file
2024-06-20 13:10:15,400 - INFO - send size: 13064653
File 6eb27335-83c2-43bf-aeb4-cef40b709862.jpg sent
2024-06-20 13:10:15,431 - INFO - Sent image file
2024-06-20 13:10:15,431 - INFO - start to recv excel:
2024-06-20 13:10:15,432 - INFO - recv file called
2024-06-20 13:10:18,465 - INFO - recv len: 5353
2024-06-20 13:10:18,465 - INFO - back signal
2024-06-20 13:10:18,468 - INFO - File saved to D:\hangzhan\show\Ai_Platform\Ai_Platform\src\assets\result\result_ai_info.xlsx, 5353/5353
2024-06-20 13:10:18,469 - INFO - Received result Excel file saved at: result_ai_info.xlsx
2024-06-20 13:10:18,470 - INFO - start to recv jpg:
2024-06-20 13:10:18,470 - INFO - recv file called
2024-06-20 13:10:18,471 - INFO - recv len: 13062503
2024-06-20 13:10:18,471 - INFO - back signal
2024-06-20 13:10:19,613 - INFO - File saved to D:\hangzhan\show\Ai_Platform\Ai_Platform\src\assets\result\ai_result.jpg, 13062503/13062503
2024-06-20 13:10:19,613 - INFO - Received result jpg file saved at: ai_result.jpg
