Starting client with image_path: D:\hangzhan\show\Ai_Platform\Ai_Platform\uploads\6f722bc1-c22d-4ee4-8463-dcbad697f43b.jpg and ai_mode: 3
2024-06-21 19:34:29,286 - INFO - -----------开始发送----------
2024-06-21 19:34:29,286 - INFO - send size: 4962
File info.xlsx sent
2024-06-21 19:34:29,347 - INFO - Sent Excel file done
2024-06-21 19:34:29,348 - INFO - send size: 3075323
File 6f722bc1-c22d-4ee4-8463-dcbad697f43b.jpg sent
2024-06-21 19:34:29,654 - INFO - Sent image file done
2024-06-21 19:34:29,654 - INFO - -----------开始接收图片----------
2024-06-21 19:34:29,654 - INFO - start to recv jpg:
2024-06-21 19:34:29,654 - INFO - recv file called
2024-06-21 19:34:34,206 - INFO - recv len: 3303420
2024-06-21 19:34:34,206 - INFO - back signal
2024-06-21 19:34:34,501 - INFO - File saved to D:\hangzhan\show\Ai_Platform\Ai_Platform\src\assets\result\ai_result.jpg, 3303420/3303420
2024-06-21 19:34:34,501 - INFO - Received result jpg file saved at: ai_result.jpg
2024-06-21 19:34:34,503 - INFO - -----------开始接收excel----------
2024-06-21 19:34:34,503 - INFO - recv file called
2024-06-21 19:34:34,505 - INFO - recv len: 6592
2024-06-21 19:34:34,505 - INFO - back signal
2024-06-21 19:34:34,508 - INFO - File saved to D:\hangzhan\show\Ai_Platform\Ai_Platform\src\assets\result\result_ai_info.xlsx, 6592/6592
2024-06-21 19:34:34,508 - INFO - Received result Excel file saved at: result_ai_info.xlsx
