Starting client with image_path: D:\hangzhan\show\Ai_Platform\Ai_Platform\uploads\721997d0-b1b4-4ed4-b1ea-2d83e25823dd.tif and ai_mode: 3
2024-06-26 14:01:56,403 - INFO - -----------开始发送----------
2024-06-26 14:01:56,404 - INFO - send size: 4962
File info.xlsx sent
2024-06-26 14:01:56,424 - INFO - Sent Excel file done
2024-06-26 14:01:56,425 - INFO - send size: 15525894
File 721997d0-b1b4-4ed4-b1ea-2d83e25823dd.tif sent
2024-06-26 14:01:57,974 - INFO - Sent image file done
2024-06-26 14:01:57,974 - INFO - -----------开始接收图片----------
2024-06-26 14:01:57,974 - INFO - start to recv jpg:
2024-06-26 14:01:57,974 - INFO - recv file called
2024-06-26 14:02:03,767 - INFO - recv len: 2804081
2024-06-26 14:02:03,768 - INFO - back signal
2024-06-26 14:02:04,024 - INFO - File saved to D:\hangzhan\show\Ai_Platform\Ai_Platform\src\assets\result\ai_result.jpg, 2804081/2804081
2024-06-26 14:02:04,024 - INFO - Received result jpg file saved at: ai_result.jpg
2024-06-26 14:02:04,025 - INFO - -----------开始接收excel----------
2024-06-26 14:02:04,025 - INFO - recv file called
2024-06-26 14:02:04,028 - INFO - recv len: 6579
2024-06-26 14:02:04,028 - INFO - back signal
2024-06-26 14:02:04,030 - INFO - File saved to D:\hangzhan\show\Ai_Platform\Ai_Platform\src\assets\result\result_ai_info.xlsx, 6579/6579
2024-06-26 14:02:04,030 - INFO - Received result Excel file saved at: result_ai_info.xlsx
