Starting client with image_path: D:\hangzhan\show\Ai_Platform\Ai_Platform\uploads\72f120b6-8129-4d81-8567-7613b40fd6e9.jpg and ai_mode: 2
2024-06-20 14:31:18,469 - INFO - -----------开始发送----------
2024-06-20 14:31:18,469 - INFO - send size: 4962
File info.xlsx sent
2024-06-20 14:31:18,478 - INFO - Sent Excel file done
2024-06-20 14:31:18,478 - INFO - send size: 13064653
File 72f120b6-8129-4d81-8567-7613b40fd6e9.jpg sent
2024-06-20 14:31:18,528 - INFO - Sent image file done
2024-06-20 14:31:18,528 - INFO - -----------开始接收图片----------
2024-06-20 14:31:18,528 - INFO - start to recv jpg:
2024-06-20 14:31:18,529 - INFO - recv file called
2024-06-20 14:31:27,314 - INFO - recv len: 13235760
2024-06-20 14:31:27,315 - INFO - back signal
2024-06-20 14:31:28,472 - INFO - File saved to D:\hangzhan\show\Ai_Platform\Ai_Platform\src\assets\result\ai_result.jpg, 13235760/13235760
2024-06-20 14:31:28,472 - INFO - Received result jpg file saved at: ai_result.jpg
2024-06-20 14:31:28,473 - INFO - -----------开始接收excel----------
2024-06-20 14:31:28,473 - INFO - recv file called
2024-06-20 14:31:31,421 - INFO - recv len: 5955
2024-06-20 14:31:31,421 - INFO - back signal
2024-06-20 14:31:31,436 - INFO - File saved to D:\hangzhan\show\Ai_Platform\Ai_Platform\src\assets\result\result_ai_info.xlsx, 5955/5955
2024-06-20 14:31:31,437 - INFO - Received result Excel file saved at: result_ai_info.xlsx
