Starting client with image_path: D:\hangzhan\show\Ai_Platform\Ai_Platform\uploads\882dc4c4-d15a-4f06-b301-e2624c8f3bc8.tif and ai_mode: 3
2024-06-24 16:49:37,347 - INFO - -----------开始发送----------
2024-06-24 16:49:37,347 - INFO - send size: 4963
File info.xlsx sent
2024-06-24 16:49:37,379 - INFO - Sent Excel file done
2024-06-24 16:49:37,379 - INFO - send size: 15525894
File 882dc4c4-d15a-4f06-b301-e2624c8f3bc8.tif sent
2024-06-24 16:49:38,718 - INFO - Sent image file done
2024-06-24 16:49:38,718 - INFO - -----------开始接收图片----------
2024-06-24 16:49:38,718 - INFO - start to recv jpg:
2024-06-24 16:49:38,718 - INFO - recv file called
2024-06-24 16:49:43,038 - INFO - recv len: 2798400
2024-06-24 16:49:43,038 - INFO - back signal
2024-06-24 16:49:43,280 - INFO - File saved to D:\hangzhan\show\Ai_Platform\Ai_Platform\src\assets\result\ai_result.jpg, 2798400/2798400
2024-06-24 16:49:43,282 - INFO - Received result jpg file saved at: ai_result.jpg
2024-06-24 16:49:43,282 - INFO - -----------开始接收excel----------
2024-06-24 16:49:43,282 - INFO - recv file called
2024-06-24 16:49:43,282 - INFO - recv len: 6581
2024-06-24 16:49:43,282 - INFO - back signal
2024-06-24 16:49:43,282 - INFO - File saved to D:\hangzhan\show\Ai_Platform\Ai_Platform\src\assets\result\result_ai_info.xlsx, 6581/6581
2024-06-24 16:49:43,282 - INFO - Received result Excel file saved at: result_ai_info.xlsx
