Starting client with image_path: D:\hangzhan\show\Ai_Platform\Ai_Platform\uploads\88489f4d-1abe-46e4-a37e-068836921c0e.jpg and ai_mode: 1
Starting client work with image_path: D:\hangzhan\show\Ai_Platform\Ai_Platform\uploads\88489f4d-1abe-46e4-a37e-068836921c0e.jpg and ai_mode: 1
Connected to server at ('172.16.100.104', 12345)
2024-06-20 13:24:57,298 - INFO - send size: 4960
File info.xlsx sent
2024-06-20 13:24:57,309 - INFO - Sent Excel file
2024-06-20 13:24:57,310 - INFO - send size: 3075323
File 88489f4d-1abe-46e4-a37e-068836921c0e.jpg sent
2024-06-20 13:24:57,333 - INFO - Sent image file
2024-06-20 13:24:57,333 - INFO - start to recv excel:
2024-06-20 13:24:57,335 - INFO - recv file called
2024-06-20 13:24:59,464 - INFO - recv len: 5351
2024-06-20 13:24:59,464 - INFO - back signal
2024-06-20 13:24:59,468 - INFO - File saved to D:\hangzhan\show\Ai_Platform\Ai_Platform\src\assets\result\result_ai_info.xlsx, 5351/5351
2024-06-20 13:24:59,468 - INFO - Received result Excel file saved at: result_ai_info.xlsx
2024-06-20 13:24:59,468 - INFO - start to recv jpg:
2024-06-20 13:24:59,469 - INFO - recv file called
2024-06-20 13:24:59,469 - INFO - recv len: 3259533
2024-06-20 13:24:59,469 - INFO - back signal
2024-06-20 13:24:59,760 - INFO - File saved to D:\hangzhan\show\Ai_Platform\Ai_Platform\src\assets\result\ai_result.jpg, 3259533/3259533
2024-06-20 13:24:59,760 - INFO - Received result jpg file saved at: ai_result.jpg
