Starting client with image_path: D:\hangzhan\show\Ai_Platform\Ai_Platform\uploads\8b651b42-127e-40b6-b276-987657e73d23.jpg and ai_mode: 1
2024-06-25 11:57:31,945 - INFO - -----------开始发送----------
2024-06-25 11:57:31,945 - INFO - send size: 4960
File info.xlsx sent
2024-06-25 11:57:31,987 - INFO - Sent Excel file done
2024-06-25 11:57:31,988 - INFO - send size: 3075323
File 8b651b42-127e-40b6-b276-987657e73d23.jpg sent
2024-06-25 11:57:32,263 - INFO - Sent image file done
2024-06-25 11:57:32,263 - INFO - -----------开始接收图片----------
2024-06-25 11:57:32,263 - INFO - start to recv jpg:
2024-06-25 11:57:32,263 - INFO - recv file called
2024-06-25 11:57:36,068 - INFO - recv len: 3287489
2024-06-25 11:57:36,068 - INFO - back signal
2024-06-25 11:57:36,350 - INFO - File saved to D:\hangzhan\show\Ai_Platform\Ai_Platform\src\assets\result\ai_result.jpg, 3287489/3287489
2024-06-25 11:57:36,351 - INFO - Received result jpg file saved at: ai_result.jpg
2024-06-25 11:57:36,353 - INFO - -----------开始接收excel----------
2024-06-25 11:57:36,353 - INFO - recv file called
2024-06-25 11:57:36,353 - INFO - recv len: 7142
2024-06-25 11:57:36,353 - INFO - back signal
2024-06-25 11:57:36,355 - INFO - File saved to D:\hangzhan\show\Ai_Platform\Ai_Platform\src\assets\result\result_ai_info.xlsx, 7142/7142
2024-06-25 11:57:36,355 - INFO - Received result Excel file saved at: result_ai_info.xlsx
