Starting client with image_path: D:\hangzhan\show\Ai_Platform\Ai_Platform\uploads\8bcaaa6c-ac17-40d1-851c-345bc589e67c.jpg and ai_mode: 2
2024-06-20 14:47:19,025 - INFO - -----------开始发送----------
2024-06-20 14:47:19,025 - INFO - send size: 4963
File info.xlsx sent
2024-06-20 14:47:19,051 - INFO - Sent Excel file done
2024-06-20 14:47:19,051 - INFO - send size: 13064653
File 8bcaaa6c-ac17-40d1-851c-345bc589e67c.jpg sent
2024-06-20 14:47:20,197 - INFO - Sent image file done
2024-06-20 14:47:20,198 - INFO - -----------开始接收图片----------
2024-06-20 14:47:20,198 - INFO - start to recv jpg:
2024-06-20 14:47:20,198 - INFO - recv file called
2024-06-20 14:47:27,099 - INFO - recv len: 13268464
2024-06-20 14:47:27,100 - INFO - back signal
2024-06-20 14:47:28,249 - INFO - File saved to D:\hangzhan\show\Ai_Platform\Ai_Platform\src\assets\result\ai_result.jpg, 13268464/13268464
2024-06-20 14:47:28,249 - INFO - Received result jpg file saved at: ai_result.jpg
2024-06-20 14:47:28,250 - INFO - -----------开始接收excel----------
2024-06-20 14:47:28,251 - INFO - recv file called
2024-06-20 14:47:28,252 - INFO - recv len: 5957
2024-06-20 14:47:28,253 - INFO - back signal
2024-06-20 14:47:28,256 - INFO - File saved to D:\hangzhan\show\Ai_Platform\Ai_Platform\src\assets\result\result_ai_info.xlsx, 5957/5957
2024-06-20 14:47:28,256 - INFO - Received result Excel file saved at: result_ai_info.xlsx
