Starting client with image_path: D:\hangzhan\show\Ai_Platform\Ai_Platform\uploads\8c7519ce-112d-46c8-bba0-15822e2950ce.jpg and ai_mode: 1
2024-06-21 16:00:16,444 - INFO - -----------开始发送----------
2024-06-21 16:00:16,444 - INFO - send size: 4959
File info.xlsx sent
2024-06-21 16:00:16,471 - INFO - Sent Excel file done
2024-06-21 16:00:16,471 - INFO - send size: 2694291
File 8c7519ce-112d-46c8-bba0-15822e2950ce.jpg sent
2024-06-21 16:00:16,718 - INFO - Sent image file done
2024-06-21 16:00:16,718 - INFO - -----------开始接收图片----------
2024-06-21 16:00:16,719 - INFO - start to recv jpg:
2024-06-21 16:00:16,719 - INFO - recv file called
2024-06-21 16:00:20,940 - INFO - recv len: 2693489
2024-06-21 16:00:20,941 - INFO - back signal
2024-06-21 16:00:21,183 - INFO - File saved to D:\hangzhan\show\Ai_Platform\Ai_Platform\src\assets\result\ai_result.jpg, 2693489/2693489
2024-06-21 16:00:21,183 - INFO - Received result jpg file saved at: ai_result.jpg
2024-06-21 16:00:21,205 - INFO - -----------开始接收excel----------
2024-06-21 16:00:21,206 - INFO - recv file called
2024-06-21 16:00:21,206 - INFO - recv len: 6434
2024-06-21 16:00:21,206 - INFO - back signal
2024-06-21 16:00:21,209 - INFO - File saved to D:\hangzhan\show\Ai_Platform\Ai_Platform\src\assets\result\result_ai_info.xlsx, 6434/6434
2024-06-21 16:00:21,209 - INFO - Received result Excel file saved at: result_ai_info.xlsx
