Starting client with image_path: D:\hangzhan\show\Ai_Platform\Ai_Platform\uploads\8f607232-d000-4251-a47a-2788de955bc7.jpg and ai_mode: 1
2024-06-21 15:58:13,770 - INFO - -----------开始发送----------
2024-06-21 15:58:13,770 - INFO - send size: 4960
File info.xlsx sent
2024-06-21 15:58:13,797 - INFO - Sent Excel file done
2024-06-21 15:58:13,797 - INFO - send size: 13064653
File 8f607232-d000-4251-a47a-2788de955bc7.jpg sent
2024-06-21 15:58:14,932 - INFO - Sent image file done
2024-06-21 15:58:14,932 - INFO - -----------开始接收图片----------
2024-06-21 15:58:14,932 - INFO - start to recv jpg:
2024-06-21 15:58:14,932 - INFO - recv file called
2024-06-21 15:58:22,677 - INFO - recv len: 13068101
2024-06-21 15:58:22,678 - INFO - back signal
2024-06-21 15:58:23,809 - INFO - File saved to D:\hangzhan\show\Ai_Platform\Ai_Platform\src\assets\result\ai_result.jpg, 13068101/13068101
2024-06-21 15:58:23,809 - INFO - Received result jpg file saved at: ai_result.jpg
2024-06-21 15:58:23,810 - INFO - -----------开始接收excel----------
2024-06-21 15:58:23,810 - INFO - recv file called
2024-06-21 15:58:23,812 - INFO - recv len: 6513
2024-06-21 15:58:23,812 - INFO - back signal
2024-06-21 15:58:23,815 - INFO - File saved to D:\hangzhan\show\Ai_Platform\Ai_Platform\src\assets\result\result_ai_info.xlsx, 6513/6513
2024-06-21 15:58:23,815 - INFO - Received result Excel file saved at: result_ai_info.xlsx
