Starting client with image_path: D:\hangzhan\show\Ai_Platform\Ai_Platform\uploads\908492a6-bf07-4710-8ab6-6a919eca1b19.jpg and ai_mode: 1
2024-06-25 09:47:25,986 - INFO - -----------开始发送----------
2024-06-25 09:47:25,986 - INFO - send size: 4960
File info.xlsx sent
2024-06-25 09:47:26,040 - INFO - Sent Excel file done
2024-06-25 09:47:26,040 - INFO - send size: 3075323
File 908492a6-bf07-4710-8ab6-6a919eca1b19.jpg sent
2024-06-25 09:47:26,331 - INFO - Sent image file done
2024-06-25 09:47:26,332 - INFO - -----------开始接收图片----------
2024-06-25 09:47:26,332 - INFO - start to recv jpg:
2024-06-25 09:47:26,332 - INFO - recv file called
2024-06-25 09:47:28,539 - INFO - recv len: 3259533
2024-06-25 09:47:28,539 - INFO - back signal
2024-06-25 09:47:28,864 - INFO - File saved to D:\hangzhan\show\Ai_Platform\Ai_Platform\src\assets\result\ai_result.jpg, 3259533/3259533
2024-06-25 09:47:28,864 - INFO - Received result jpg file saved at: ai_result.jpg
2024-06-25 09:47:28,864 - INFO - -----------开始接收excel----------
2024-06-25 09:47:28,864 - INFO - recv file called
2024-06-25 09:47:28,867 - INFO - recv len: 5359
2024-06-25 09:47:28,867 - INFO - back signal
2024-06-25 09:47:28,870 - INFO - File saved to D:\hangzhan\show\Ai_Platform\Ai_Platform\src\assets\result\result_ai_info.xlsx, 5359/5359
2024-06-25 09:47:28,870 - INFO - Received result Excel file saved at: result_ai_info.xlsx
