2024-06-26 20:50:25,428 - INFO - -----------开始发送----------
2024-06-26 20:50:25,429 - INFO - send size: 4962
2024-06-26 20:50:25,450 - INFO - Sent Excel file done
2024-06-26 20:50:25,450 - INFO - send size: 13064653
2024-06-26 20:50:26,587 - INFO - Sent image file done
2024-06-26 20:50:26,587 - INFO - -----------开始接收图片----------
2024-06-26 20:50:26,588 - INFO - start to recv jpg:
2024-06-26 20:50:26,588 - INFO - recv file called
2024-06-26 20:50:31,653 - INFO - recv len: 13438834
2024-06-26 20:50:31,653 - INFO - back signal
2024-06-26 20:50:32,825 - INFO - File saved to D:\hangzhan\show\Ai_Platform\Ai_Platform\src\assets\result\ai_result.jpg, 13438834/13438834
2024-06-26 20:50:32,825 - INFO - Received result jpg file saved at: ai_result.jpg
2024-06-26 20:50:32,825 - INFO - -----------开始接收excel----------
2024-06-26 20:50:32,825 - INFO - recv file called
2024-06-26 20:50:32,825 - INFO - recv len: 6031
2024-06-26 20:50:32,825 - INFO - back signal
2024-06-26 20:50:32,825 - INFO - File saved to D:\hangzhan\show\Ai_Platform\Ai_Platform\src\assets\result\result_ai_info.xlsx, 6031/6031
2024-06-26 20:50:32,837 - INFO - Received result Excel file saved at: result_ai_info.xlsx
Starting client with image_path: D:\hangzhan\show\Ai_Platform\Ai_Platform\uploads\9420db56-7b10-475d-a021-b09bd163f1ce.jpg and ai_mode: 2
File info.xlsx sent
File 9420db56-7b10-475d-a021-b09bd163f1ce.jpg sent
