Starting client with image_path: D:\hangzhan\show\Ai_Platform\Ai_Platform\uploads\958e141e-2da2-4443-bbac-e23b160385ec.jpg and ai_mode: 1
2024-06-21 16:32:27,429 - INFO - -----------开始发送----------
2024-06-21 16:32:27,429 - INFO - send size: 4959
File info.xlsx sent
2024-06-21 16:32:27,462 - INFO - Sent Excel file done
2024-06-21 16:32:27,462 - INFO - send size: 2621448
File 958e141e-2da2-4443-bbac-e23b160385ec.jpg sent
2024-06-21 16:32:27,703 - INFO - Sent image file done
2024-06-21 16:32:27,704 - INFO - -----------开始接收图片----------
2024-06-21 16:32:27,704 - INFO - start to recv jpg:
2024-06-21 16:32:27,704 - INFO - recv file called
2024-06-21 16:32:30,491 - INFO - recv len: 2794771
2024-06-21 16:32:30,492 - INFO - back signal
2024-06-21 16:32:30,745 - INFO - File saved to D:\hangzhan\show\Ai_Platform\Ai_Platform\src\assets\result\ai_result.jpg, 2794771/2794771
2024-06-21 16:32:30,745 - INFO - Received result jpg file saved at: ai_result.jpg
2024-06-21 16:32:30,746 - INFO - -----------开始接收excel----------
2024-06-21 16:32:30,746 - INFO - recv file called
2024-06-21 16:32:30,747 - INFO - recv len: 6606
2024-06-21 16:32:30,747 - INFO - back signal
2024-06-21 16:32:30,750 - INFO - File saved to D:\hangzhan\show\Ai_Platform\Ai_Platform\src\assets\result\result_ai_info.xlsx, 6606/6606
2024-06-21 16:32:30,750 - INFO - Received result Excel file saved at: result_ai_info.xlsx
