Starting client with image_path: D:\hangzhan\show\Ai_Platform\Ai_Platform\uploads\958ebb81-9393-4e82-9bb3-d74788d03a58.jpg and ai_mode: 1
2024-06-21 13:17:50,210 - INFO - -----------开始发送----------
2024-06-21 13:17:50,210 - INFO - send size: 4960
File info.xlsx sent
2024-06-21 13:17:50,262 - INFO - Sent Excel file done
2024-06-21 13:17:50,263 - INFO - send size: 13064653
File 958ebb81-9393-4e82-9bb3-d74788d03a58.jpg sent
2024-06-21 13:17:51,443 - INFO - Sent image file done
2024-06-21 13:17:51,443 - INFO - -----------开始接收图片----------
2024-06-21 13:17:51,443 - INFO - start to recv jpg:
2024-06-21 13:17:51,443 - INFO - recv file called
2024-06-21 13:18:00,037 - INFO - recv len: 13066098
2024-06-21 13:18:00,037 - INFO - back signal
2024-06-21 13:18:01,185 - INFO - File saved to D:\hangzhan\show\Ai_Platform\Ai_Platform\src\assets\result\ai_result.jpg, 13066098/13066098
2024-06-21 13:18:01,185 - INFO - Received result jpg file saved at: ai_result.jpg
2024-06-21 13:18:01,187 - INFO - -----------开始接收excel----------
2024-06-21 13:18:01,187 - INFO - recv file called
2024-06-21 13:18:01,189 - INFO - recv len: 6505
2024-06-21 13:18:01,189 - INFO - back signal
2024-06-21 13:18:01,192 - INFO - File saved to D:\hangzhan\show\Ai_Platform\Ai_Platform\src\assets\result\result_ai_info.xlsx, 6505/6505
2024-06-21 13:18:01,193 - INFO - Received result Excel file saved at: result_ai_info.xlsx
