Starting client with image_path: D:\hangzhan\show\Ai_Platform\Ai_Platform\uploads\964dc678-de19-4fed-bbfc-1b1c607a2903.jpg and ai_mode: 1
Starting client work with image_path: D:\hangzhan\show\Ai_Platform\Ai_Platform\uploads\964dc678-de19-4fed-bbfc-1b1c607a2903.jpg and ai_mode: 1
Connected to server at ('172.16.100.104', 12345)
2024-06-20 13:08:09,858 - INFO - send size: 4959
File info.xlsx sent
2024-06-20 13:08:09,868 - INFO - Sent Excel file
2024-06-20 13:08:09,868 - INFO - send size: 13064653
File 964dc678-de19-4fed-bbfc-1b1c607a2903.jpg sent
2024-06-20 13:08:09,901 - INFO - Sent image file
2024-06-20 13:08:09,901 - INFO - start to recv excel:
2024-06-20 13:08:09,903 - INFO - recv file called
2024-06-20 13:08:14,077 - INFO - recv len: 5351
2024-06-20 13:08:14,078 - INFO - back signal
2024-06-20 13:08:14,078 - ERROR - [Errno 13] Permission denied: 'D:\\hangzhan\\show\\Ai_Platform\\Ai_Platform\\src\\assets\\result\\result_ai_info.xlsx'
2024-06-20 13:08:14,078 - INFO - Received result Excel file saved at: result_ai_info.xlsx
2024-06-20 13:08:14,079 - INFO - start to recv jpg:
2024-06-20 13:08:14,079 - INFO - recv file called
2024-06-20 13:08:14,080 - INFO - recv len: 1347093252
2024-06-20 13:08:14,081 - INFO - back signal
2024-06-20 13:08:15,210 - INFO - File saved to D:\hangzhan\show\Ai_Platform\Ai_Platform\src\assets\result\ai_result.jpg, 13067854/1347093252
2024-06-20 13:08:15,210 - INFO - Received result jpg file saved at: ai_result.jpg
