Starting client with image_path: D:\hangzhan\show\Ai_Platform\Ai_Platform\uploads\a15c4ce4-c478-46a0-a602-2c365c45af70.jpg and ai_mode: 1
Starting client work with image_path: D:\hangzhan\show\Ai_Platform\Ai_Platform\uploads\a15c4ce4-c478-46a0-a602-2c365c45af70.jpg and ai_mode: 1
Connected to server at ('172.16.100.104', 12345)
2024-06-20 13:13:01,312 - INFO - send size: 4959
File info.xlsx sent
2024-06-20 13:13:01,323 - INFO - Sent Excel file
2024-06-20 13:13:01,323 - INFO - send size: 2981581
File a15c4ce4-c478-46a0-a602-2c365c45af70.jpg sent
2024-06-20 13:13:01,347 - INFO - Sent image file
2024-06-20 13:13:01,347 - INFO - start to recv excel:
2024-06-20 13:13:01,348 - INFO - recv file called
2024-06-20 13:13:03,438 - INFO - recv len: 5351
2024-06-20 13:13:03,438 - INFO - back signal
2024-06-20 13:13:03,441 - INFO - File saved to D:\hangzhan\show\Ai_Platform\Ai_Platform\src\assets\result\result_ai_info.xlsx, 5351/5351
2024-06-20 13:13:03,442 - INFO - Received result Excel file saved at: result_ai_info.xlsx
2024-06-20 13:13:03,442 - INFO - start to recv jpg:
2024-06-20 13:13:03,442 - INFO - recv file called
2024-06-20 13:13:03,442 - INFO - recv len: 2981374
2024-06-20 13:13:03,444 - INFO - back signal
2024-06-20 13:13:03,716 - INFO - File saved to D:\hangzhan\show\Ai_Platform\Ai_Platform\src\assets\result\ai_result.jpg, 2981374/2981374
2024-06-20 13:13:03,717 - INFO - Received result jpg file saved at: ai_result.jpg
