Starting client with image_path: D:\hangzhan\show\Ai_Platform\Ai_Platform\uploads\a61fba0b-d911-4206-97e0-e5899aac39d8.jpg and ai_mode: 3
Starting client work with image_path: D:\hangzhan\show\Ai_Platform\Ai_Platform\uploads\a61fba0b-d911-4206-97e0-e5899aac39d8.jpg and ai_mode: 3
Connected to server at ('172.16.100.104', 12345)
2024-06-20 13:11:04,578 - INFO - send size: 4962
File info.xlsx sent
2024-06-20 13:11:04,591 - INFO - Sent Excel file
2024-06-20 13:11:04,592 - INFO - send size: 3075323
File a61fba0b-d911-4206-97e0-e5899aac39d8.jpg sent
2024-06-20 13:11:04,613 - INFO - Sent image file
2024-06-20 13:11:04,615 - INFO - start to recv excel:
2024-06-20 13:11:04,615 - INFO - recv file called
2024-06-20 13:11:06,736 - INFO - recv len: 5449
2024-06-20 13:11:06,736 - INFO - back signal
2024-06-20 13:11:06,740 - INFO - File saved to D:\hangzhan\show\Ai_Platform\Ai_Platform\src\assets\result\result_ai_info.xlsx, 5449/5449
2024-06-20 13:11:06,740 - INFO - Received result Excel file saved at: result_ai_info.xlsx
2024-06-20 13:11:06,741 - INFO - start to recv jpg:
2024-06-20 13:11:06,741 - INFO - recv file called
2024-06-20 13:11:06,742 - INFO - recv len: 3259533
2024-06-20 13:11:06,742 - INFO - back signal
2024-06-20 13:11:07,029 - INFO - File saved to D:\hangzhan\show\Ai_Platform\Ai_Platform\src\assets\result\ai_result.jpg, 3259533/3259533
2024-06-20 13:11:07,029 - INFO - Received result jpg file saved at: ai_result.jpg
