Starting client with image_path: D:\hangzhan\show\Ai_Platform\Ai_Platform\uploads\a750e7f4-dbe7-48bb-ab9e-78a6b6d7408d.jpg and ai_mode: 3
2024-06-24 18:08:37,409 - INFO - -----------开始发送----------
2024-06-24 18:08:37,410 - INFO - send size: 4963
File info.xlsx sent
2024-06-24 18:08:37,427 - INFO - Sent Excel file done
2024-06-24 18:08:37,427 - INFO - send size: 3419777
File a750e7f4-dbe7-48bb-ab9e-78a6b6d7408d.jpg sent
2024-06-24 18:08:37,734 - INFO - Sent image file done
2024-06-24 18:08:37,734 - INFO - -----------开始接收图片----------
2024-06-24 18:08:37,734 - INFO - start to recv jpg:
2024-06-24 18:08:37,734 - INFO - recv file called
2024-06-24 18:08:40,601 - INFO - recv len: 3629578
2024-06-24 18:08:40,601 - INFO - back signal
2024-06-24 18:08:40,939 - INFO - File saved to D:\hangzhan\show\Ai_Platform\Ai_Platform\src\assets\result\ai_result.jpg, 3629578/3629578
2024-06-24 18:08:40,939 - INFO - Received result jpg file saved at: ai_result.jpg
2024-06-24 18:08:40,939 - INFO - -----------开始接收excel----------
2024-06-24 18:08:40,939 - INFO - recv file called
2024-06-24 18:08:40,939 - INFO - recv len: 6587
2024-06-24 18:08:40,939 - INFO - back signal
2024-06-24 18:08:40,958 - INFO - File saved to D:\hangzhan\show\Ai_Platform\Ai_Platform\src\assets\result\result_ai_info.xlsx, 6587/6587
2024-06-24 18:08:40,958 - INFO - Received result Excel file saved at: result_ai_info.xlsx
