Starting client with image_path: D:\hangzhan\show\Ai_Platform\Ai_Platform\uploads\a7d81654-002a-410a-83e4-acd6a713dd32.jpg and ai_mode: 2
2024-06-21 15:32:51,614 - INFO - -----------开始发送----------
2024-06-21 15:32:51,615 - INFO - send size: 4963
File info.xlsx sent
2024-06-21 15:32:51,662 - INFO - Sent Excel file done
2024-06-21 15:32:51,662 - INFO - send size: 13064653
File a7d81654-002a-410a-83e4-acd6a713dd32.jpg sent
2024-06-21 15:32:52,800 - INFO - Sent image file done
2024-06-21 15:32:52,800 - INFO - -----------开始接收图片----------
2024-06-21 15:32:52,801 - INFO - start to recv jpg:
2024-06-21 15:32:52,801 - INFO - recv file called
2024-06-21 15:33:00,054 - INFO - recv len: 13233183
2024-06-21 15:33:00,055 - INFO - back signal
2024-06-21 15:33:01,238 - INFO - File saved to D:\hangzhan\show\Ai_Platform\Ai_Platform\src\assets\result\ai_result.jpg, 13233183/13233183
2024-06-21 15:33:01,238 - INFO - Received result jpg file saved at: ai_result.jpg
2024-06-21 15:33:01,238 - INFO - -----------开始接收excel----------
2024-06-21 15:33:01,238 - INFO - recv file called
2024-06-21 15:33:01,241 - INFO - recv len: 5903
2024-06-21 15:33:01,241 - INFO - back signal
2024-06-21 15:33:01,244 - INFO - File saved to D:\hangzhan\show\Ai_Platform\Ai_Platform\src\assets\result\result_ai_info.xlsx, 5903/5903
2024-06-21 15:33:01,244 - INFO - Received result Excel file saved at: result_ai_info.xlsx
