Starting client with image_path: D:\hangzhan\show\Ai_Platform\Ai_Platform\uploads\a84280dc-b11a-4737-bb9a-e8f353224a66.tif and ai_mode: 1
Starting client work with image_path: D:\hangzhan\show\Ai_Platform\Ai_Platform\uploads\a84280dc-b11a-4737-bb9a-e8f353224a66.tif and ai_mode: 1
Connected to server at ('172.16.100.104', 12345)
2024-06-20 13:23:08,588 - INFO - send size: 4959
File info.xlsx sent
2024-06-20 13:23:08,599 - INFO - Sent Excel file
2024-06-20 13:23:08,599 - INFO - send size: 15525894
File a84280dc-b11a-4737-bb9a-e8f353224a66.tif sent
2024-06-20 13:23:08,629 - INFO - Sent image file
2024-06-20 13:23:08,629 - INFO - start to recv excel:
2024-06-20 13:23:08,630 - INFO - recv file called
2024-06-20 13:23:12,320 - INFO - recv len: 5352
2024-06-20 13:23:12,320 - INFO - back signal
2024-06-20 13:23:12,323 - INFO - File saved to D:\hangzhan\show\Ai_Platform\Ai_Platform\src\assets\result\result_ai_info.xlsx, 5352/5352
2024-06-20 13:23:12,324 - INFO - Received result Excel file saved at: result_ai_info.xlsx
2024-06-20 13:23:12,324 - INFO - start to recv jpg:
2024-06-20 13:23:12,324 - INFO - recv file called
2024-06-20 13:23:12,326 - INFO - recv len: 2790600
2024-06-20 13:23:12,326 - INFO - back signal
2024-06-20 13:23:12,580 - INFO - File saved to D:\hangzhan\show\Ai_Platform\Ai_Platform\src\assets\result\ai_result.jpg, 2790600/2790600
2024-06-20 13:23:12,580 - INFO - Received result jpg file saved at: ai_result.jpg
