Starting client with image_path: D:\hangzhan\show\Ai_Platform\Ai_Platform\uploads\a973a018-e04e-4dfd-9429-e3cbaf3caf71.jpg and ai_mode: 1
Starting client work with image_path: D:\hangzhan\show\Ai_Platform\Ai_Platform\uploads\a973a018-e04e-4dfd-9429-e3cbaf3caf71.jpg and ai_mode: 1
Connected to server at ('172.16.100.104', 12345)
2024-06-20 13:22:54,367 - INFO - send size: 4959
File info.xlsx sent
2024-06-20 13:22:54,378 - INFO - Sent Excel file
2024-06-20 13:22:54,378 - INFO - send size: 2621448
File a973a018-e04e-4dfd-9429-e3cbaf3caf71.jpg sent
2024-06-20 13:22:54,401 - INFO - Sent image file
2024-06-20 13:22:54,402 - INFO - start to recv excel:
2024-06-20 13:22:54,403 - INFO - recv file called
2024-06-20 13:22:56,484 - INFO - recv len: 5353
2024-06-20 13:22:56,484 - INFO - back signal
2024-06-20 13:22:56,488 - INFO - File saved to D:\hangzhan\show\Ai_Platform\Ai_Platform\src\assets\result\result_ai_info.xlsx, 5353/5353
2024-06-20 13:22:56,488 - INFO - Received result Excel file saved at: result_ai_info.xlsx
2024-06-20 13:22:56,488 - INFO - start to recv jpg:
2024-06-20 13:22:56,488 - INFO - recv file called
2024-06-20 13:22:56,490 - INFO - recv len: 2789980
2024-06-20 13:22:56,490 - INFO - back signal
2024-06-20 13:22:56,736 - INFO - File saved to D:\hangzhan\show\Ai_Platform\Ai_Platform\src\assets\result\ai_result.jpg, 2789980/2789980
2024-06-20 13:22:56,737 - INFO - Received result jpg file saved at: ai_result.jpg
