Starting client with image_path: D:\hangzhan\show\Ai_Platform\Ai_Platform\uploads\b2241b8d-9f86-42e8-9b4f-9e6ff3d39900.jpg and ai_mode: 1
2024-06-25 15:57:10,082 - INFO - -----------开始发送----------
2024-06-25 15:57:10,082 - INFO - send size: 4960
File info.xlsx sent
2024-06-25 15:57:10,357 - INFO - Sent Excel file done
2024-06-25 15:57:10,357 - INFO - send size: 3075323
File b2241b8d-9f86-42e8-9b4f-9e6ff3d39900.jpg sent
2024-06-25 15:57:10,674 - INFO - Sent image file done
2024-06-25 15:57:10,674 - INFO - -----------开始接收图片----------
2024-06-25 15:57:10,680 - INFO - start to recv jpg:
2024-06-25 15:57:10,681 - INFO - recv file called
2024-06-25 15:57:14,716 - INFO - recv len: 3292593
2024-06-25 15:57:14,716 - INFO - back signal
2024-06-25 15:57:15,018 - INFO - File saved to D:\hangzhan\show\Ai_Platform\Ai_Platform\src\assets\result\ai_result.jpg, 3292593/3292593
2024-06-25 15:57:15,018 - INFO - Received result jpg file saved at: ai_result.jpg
2024-06-25 15:57:15,018 - INFO - -----------开始接收excel----------
2024-06-25 15:57:15,018 - INFO - recv file called
2024-06-25 15:57:15,026 - INFO - recv len: 7144
2024-06-25 15:57:15,026 - INFO - back signal
2024-06-25 15:57:15,028 - INFO - File saved to D:\hangzhan\show\Ai_Platform\Ai_Platform\src\assets\result\result_ai_info.xlsx, 7144/7144
2024-06-25 15:57:15,028 - INFO - Received result Excel file saved at: result_ai_info.xlsx
