Starting client with image_path: D:\hangzhan\show\Ai_Platform\Ai_Platform\uploads\b34e408b-a8e2-4f24-9b2d-0263a3dc010a.jpg and ai_mode: 2
2024-06-25 10:21:37,650 - INFO - -----------开始发送----------
2024-06-25 10:21:37,650 - INFO - send size: 4962
File info.xlsx sent
2024-06-25 10:21:37,684 - INFO - Sent Excel file done
2024-06-25 10:21:37,685 - INFO - send size: 3419777
File b34e408b-a8e2-4f24-9b2d-0263a3dc010a.jpg sent
2024-06-25 10:21:37,998 - INFO - Sent image file done
2024-06-25 10:21:37,998 - INFO - -----------开始接收图片----------
2024-06-25 10:21:37,998 - INFO - start to recv jpg:
2024-06-25 10:21:37,998 - INFO - recv file called
2024-06-25 10:21:42,647 - INFO - recv len: 3611381
2024-06-25 10:21:42,647 - INFO - back signal
2024-06-25 10:21:43,084 - INFO - File saved to D:\hangzhan\show\Ai_Platform\Ai_Platform\src\assets\result\ai_result.jpg, 3611381/3611381
2024-06-25 10:21:43,084 - INFO - Received result jpg file saved at: ai_result.jpg
2024-06-25 10:21:43,085 - INFO - -----------开始接收excel----------
2024-06-25 10:21:43,085 - INFO - recv file called
2024-06-25 10:21:43,089 - INFO - recv len: 5521
2024-06-25 10:21:43,089 - INFO - back signal
2024-06-25 10:21:43,094 - INFO - File saved to D:\hangzhan\show\Ai_Platform\Ai_Platform\src\assets\result\result_ai_info.xlsx, 5521/5521
2024-06-25 10:21:43,096 - INFO - Received result Excel file saved at: result_ai_info.xlsx
