Starting client with image_path: D:\hangzhan\show\Ai_Platform\Ai_Platform\uploads\b4466dee-9bf6-4138-b279-0ab1c5c2ae1b.tif and ai_mode: 2
2024-06-26 14:02:23,720 - INFO - -----------开始发送----------
2024-06-26 14:02:23,720 - INFO - send size: 4962
File info.xlsx sent
2024-06-26 14:02:23,738 - INFO - Sent Excel file done
2024-06-26 14:02:23,739 - INFO - send size: 15525894
File b4466dee-9bf6-4138-b279-0ab1c5c2ae1b.tif sent
2024-06-26 14:02:25,088 - INFO - Sent image file done
2024-06-26 14:02:25,089 - INFO - -----------开始接收图片----------
2024-06-26 14:02:25,089 - INFO - start to recv jpg:
2024-06-26 14:02:25,089 - INFO - recv file called
2024-06-26 14:02:28,848 - INFO - recv len: 2790600
2024-06-26 14:02:28,848 - INFO - back signal
2024-06-26 14:02:29,110 - INFO - File saved to D:\hangzhan\show\Ai_Platform\Ai_Platform\src\assets\result\ai_result.jpg, 2790600/2790600
2024-06-26 14:02:29,110 - INFO - Received result jpg file saved at: ai_result.jpg
2024-06-26 14:02:29,112 - INFO - -----------开始接收excel----------
2024-06-26 14:02:29,112 - INFO - recv file called
2024-06-26 14:02:29,115 - INFO - recv len: 5522
2024-06-26 14:02:29,116 - INFO - back signal
2024-06-26 14:02:29,120 - INFO - File saved to D:\hangzhan\show\Ai_Platform\Ai_Platform\src\assets\result\result_ai_info.xlsx, 5522/5522
2024-06-26 14:02:29,120 - INFO - Received result Excel file saved at: result_ai_info.xlsx
