Starting client with image_path: D:\hangzhan\show\Ai_Platform\Ai_Platform\uploads\b8c82849-f618-4bdc-88b3-7f7f4c588e38.jpg and ai_mode: 1
2024-06-26 16:13:54,995 - INFO - -----------开始发送----------
2024-06-26 16:13:54,995 - INFO - send size: 4960
File info.xlsx sent
2024-06-26 16:13:55,046 - INFO - Sent Excel file done
2024-06-26 16:13:55,046 - INFO - send size: 9422177
File b8c82849-f618-4bdc-88b3-7f7f4c588e38.jpg sent
2024-06-26 16:13:56,048 - INFO - Sent image file done
2024-06-26 16:13:56,048 - INFO - -----------开始接收图片----------
2024-06-26 16:13:56,048 - INFO - start to recv jpg:
2024-06-26 16:13:56,048 - INFO - recv file called
2024-06-26 16:14:02,478 - INFO - recv len: 9440855
2024-06-26 16:14:02,478 - INFO - back signal
2024-06-26 16:14:03,302 - INFO - File saved to D:\hangzhan\show\Ai_Platform\Ai_Platform\src\assets\result\ai_result.jpg, 9440855/9440855
2024-06-26 16:14:03,302 - INFO - Received result jpg file saved at: ai_result.jpg
2024-06-26 16:14:03,310 - INFO - -----------开始接收excel----------
2024-06-26 16:14:03,310 - INFO - recv file called
2024-06-26 16:14:03,310 - INFO - recv len: 6430
2024-06-26 16:14:03,310 - INFO - back signal
2024-06-26 16:14:03,316 - INFO - File saved to D:\hangzhan\show\Ai_Platform\Ai_Platform\src\assets\result\result_ai_info.xlsx, 6430/6430
2024-06-26 16:14:03,316 - INFO - Received result Excel file saved at: result_ai_info.xlsx
