Starting client with image_path: D:\hangzhan\show\Ai_Platform\Ai_Platform\uploads\bbf129ad-7ef7-40eb-86cc-14bf1a8b235f.jpg and ai_mode: 2
2024-06-20 14:05:53,852 - INFO - -----------开始发送----------
2024-06-20 14:05:53,852 - INFO - send size: 4962
File info.xlsx sent
2024-06-20 14:05:53,863 - INFO - Sent Excel file done
2024-06-20 14:05:53,863 - INFO - send size: 13064653
File bbf129ad-7ef7-40eb-86cc-14bf1a8b235f.jpg sent
2024-06-20 14:05:53,918 - INFO - Sent image file done
2024-06-20 14:05:53,919 - INFO - -----------开始接收excel----------
2024-06-20 14:05:53,919 - INFO - recv file called
2024-06-20 14:06:00,901 - INFO - recv len: 5954
2024-06-20 14:06:00,902 - INFO - back signal
2024-06-20 14:06:00,905 - INFO - File saved to D:\hangzhan\show\Ai_Platform\Ai_Platform\src\assets\result\result_ai_info.xlsx, 5954/5954
2024-06-20 14:06:00,906 - INFO - Received result Excel file saved at: result_ai_info.xlsx
2024-06-20 14:06:00,906 - INFO - -----------开始接收图片----------
2024-06-20 14:06:00,907 - INFO - start to recv jpg:
2024-06-20 14:06:00,907 - INFO - recv file called
2024-06-20 14:06:00,913 - INFO - recv len: 13263278
2024-06-20 14:06:00,913 - INFO - back signal
2024-06-20 14:06:02,446 - INFO - File saved to D:\hangzhan\show\Ai_Platform\Ai_Platform\src\assets\result\ai_result.jpg, 13263278/13263278
2024-06-20 14:06:02,446 - INFO - Received result jpg file saved at: ai_result.jpg
