Starting client with image_path: D:\hangzhan\show\Ai_Platform\Ai_Platform\uploads\c0e640c0-4c41-4cf9-a7ef-63a0477ec969.jpg and ai_mode: 3
2024-06-25 10:15:13,526 - INFO - -----------开始发送----------
2024-06-25 10:15:13,526 - INFO - send size: 4962
File info.xlsx sent
2024-06-25 10:15:13,557 - INFO - Sent Excel file done
2024-06-25 10:15:13,557 - INFO - send size: 3419777
File c0e640c0-4c41-4cf9-a7ef-63a0477ec969.jpg sent
2024-06-25 10:15:13,856 - INFO - Sent image file done
2024-06-25 10:15:13,856 - INFO - -----------开始接收图片----------
2024-06-25 10:15:13,856 - INFO - start to recv jpg:
2024-06-25 10:15:13,872 - INFO - recv file called
2024-06-25 10:15:17,796 - INFO - recv len: 3641766
2024-06-25 10:15:17,796 - INFO - back signal
2024-06-25 10:15:19,093 - INFO - File saved to D:\hangzhan\show\Ai_Platform\Ai_Platform\src\assets\result\ai_result.jpg, 3641766/3641766
2024-06-25 10:15:19,093 - INFO - Received result jpg file saved at: ai_result.jpg
2024-06-25 10:15:19,093 - INFO - -----------开始接收excel----------
2024-06-25 10:15:19,093 - INFO - recv file called
2024-06-25 10:15:19,411 - INFO - recv len: 6585
2024-06-25 10:15:19,411 - INFO - back signal
2024-06-25 10:15:19,411 - INFO - File saved to D:\hangzhan\show\Ai_Platform\Ai_Platform\src\assets\result\result_ai_info.xlsx, 6585/6585
2024-06-25 10:15:19,411 - INFO - Received result Excel file saved at: result_ai_info.xlsx
