Starting client with image_path: D:\hangzhan\show\Ai_Platform\Ai_Platform\uploads\c33fc2e0-4955-4a2e-b3e0-b8c9cef13879.jpg and ai_mode: 2
Starting client work with image_path: D:\hangzhan\show\Ai_Platform\Ai_Platform\uploads\c33fc2e0-4955-4a2e-b3e0-b8c9cef13879.jpg and ai_mode: 2
Connected to server at ('172.16.100.104', 12345)
2024-06-20 13:51:03,670 - INFO - send size: 4962
File info.xlsx sent
2024-06-20 13:51:03,680 - INFO - Sent Excel file
2024-06-20 13:51:03,680 - INFO - send size: 13064653
File c33fc2e0-4955-4a2e-b3e0-b8c9cef13879.jpg sent
2024-06-20 13:51:03,729 - INFO - Sent image file
2024-06-20 13:51:03,730 - INFO - start to recv excel:
2024-06-20 13:51:03,731 - INFO - recv file called
2024-06-20 13:51:10,505 - INFO - recv len: 5953
2024-06-20 13:51:10,505 - INFO - back signal
2024-06-20 13:51:10,510 - INFO - File saved to D:\hangzhan\show\Ai_Platform\Ai_Platform\src\assets\result\result_ai_info.xlsx, 5953/5953
2024-06-20 13:51:10,510 - INFO - Received result Excel file saved at: result_ai_info.xlsx
2024-06-20 13:51:10,510 - INFO - start to recv jpg:
2024-06-20 13:51:10,510 - INFO - recv file called
2024-06-20 13:51:10,511 - INFO - recv len: 13261283
2024-06-20 13:51:10,512 - INFO - back signal
2024-06-20 13:51:11,669 - INFO - File saved to D:\hangzhan\show\Ai_Platform\Ai_Platform\src\assets\result\ai_result.jpg, 13261283/13261283
2024-06-20 13:51:11,669 - INFO - Received result jpg file saved at: ai_result.jpg
