Starting client with image_path: D:\hangzhan\show\Ai_Platform\Ai_Platform\uploads\d1f479a9-a512-4828-a626-888c55f6a060.jpg and ai_mode: 1
2024-06-20 14:34:12,618 - INFO - -----------开始发送----------
2024-06-20 14:34:12,618 - INFO - send size: 4959
File info.xlsx sent
2024-06-20 14:34:12,630 - INFO - Sent Excel file done
2024-06-20 14:34:12,630 - INFO - send size: 2621448
File d1f479a9-a512-4828-a626-888c55f6a060.jpg sent
2024-06-20 14:34:12,657 - INFO - Sent image file done
2024-06-20 14:34:12,657 - INFO - -----------开始接收图片----------
2024-06-20 14:34:12,657 - INFO - start to recv jpg:
2024-06-20 14:34:12,657 - INFO - recv file called
2024-06-20 14:34:17,062 - INFO - recv len: 2794456
2024-06-20 14:34:17,062 - INFO - back signal
2024-06-20 14:34:17,312 - INFO - File saved to D:\hangzhan\show\Ai_Platform\Ai_Platform\src\assets\result\ai_result.jpg, 2794456/2794456
2024-06-20 14:34:17,313 - INFO - Received result jpg file saved at: ai_result.jpg
2024-06-20 14:34:17,313 - INFO - -----------开始接收excel----------
2024-06-20 14:34:17,313 - INFO - recv file called
2024-06-20 14:34:20,260 - INFO - recv len: 6593
2024-06-20 14:34:20,260 - INFO - back signal
2024-06-20 14:34:20,263 - INFO - File saved to D:\hangzhan\show\Ai_Platform\Ai_Platform\src\assets\result\result_ai_info.xlsx, 6593/6593
2024-06-20 14:34:20,264 - INFO - Received result Excel file saved at: result_ai_info.xlsx
