Starting client with image_path: D:\hangzhan\show\Ai_Platform\Ai_Platform\uploads\d4cc3a1f-5e8b-4bb6-a305-6a1f9ce52696.jpg and ai_mode: 3
2024-06-21 19:33:17,645 - INFO - -----------开始发送----------
2024-06-21 19:33:17,645 - INFO - send size: 4962
File info.xlsx sent
2024-06-21 19:33:17,682 - INFO - Sent Excel file done
2024-06-21 19:33:17,683 - INFO - send size: 3075323
File d4cc3a1f-5e8b-4bb6-a305-6a1f9ce52696.jpg sent
2024-06-21 19:33:17,966 - INFO - Sent image file done
2024-06-21 19:33:17,966 - INFO - -----------开始接收图片----------
2024-06-21 19:33:17,966 - INFO - start to recv jpg:
2024-06-21 19:33:17,966 - INFO - recv file called
2024-06-21 19:33:20,887 - INFO - recv len: 3305784
2024-06-21 19:33:20,888 - INFO - back signal
2024-06-21 19:33:21,181 - INFO - File saved to D:\hangzhan\show\Ai_Platform\Ai_Platform\src\assets\result\ai_result.jpg, 3305784/3305784
2024-06-21 19:33:21,182 - INFO - Received result jpg file saved at: ai_result.jpg
2024-06-21 19:33:21,183 - INFO - -----------开始接收excel----------
2024-06-21 19:33:21,183 - INFO - recv file called
2024-06-21 19:33:21,185 - INFO - recv len: 6587
2024-06-21 19:33:21,186 - INFO - back signal
2024-06-21 19:33:21,190 - INFO - File saved to D:\hangzhan\show\Ai_Platform\Ai_Platform\src\assets\result\result_ai_info.xlsx, 6587/6587
2024-06-21 19:33:21,190 - INFO - Received result Excel file saved at: result_ai_info.xlsx
