Starting client with image_path: D:\hangzhan\show\Ai_Platform\Ai_Platform\uploads\d69743f9-ba06-4327-b6eb-b6ec9194eb18.jpg and ai_mode: 1
2024-06-21 15:58:46,872 - INFO - -----------开始发送----------
2024-06-21 15:58:46,872 - INFO - send size: 4960
File info.xlsx sent
2024-06-21 15:58:46,897 - INFO - Sent Excel file done
2024-06-21 15:58:46,897 - INFO - send size: 2694291
File d69743f9-ba06-4327-b6eb-b6ec9194eb18.jpg sent
2024-06-21 15:58:47,140 - INFO - Sent image file done
2024-06-21 15:58:47,141 - INFO - -----------开始接收图片----------
2024-06-21 15:58:47,141 - INFO - start to recv jpg:
2024-06-21 15:58:47,141 - INFO - recv file called
2024-06-21 15:58:49,914 - INFO - recv len: 2693489
2024-06-21 15:58:49,915 - INFO - back signal
2024-06-21 15:58:50,152 - INFO - File saved to D:\hangzhan\show\Ai_Platform\Ai_Platform\src\assets\result\ai_result.jpg, 2693489/2693489
2024-06-21 15:58:50,152 - INFO - Received result jpg file saved at: ai_result.jpg
2024-06-21 15:58:50,153 - INFO - -----------开始接收excel----------
2024-06-21 15:58:50,153 - INFO - recv file called
2024-06-21 15:58:50,155 - INFO - recv len: 6431
2024-06-21 15:58:50,155 - INFO - back signal
2024-06-21 15:58:50,157 - INFO - File saved to D:\hangzhan\show\Ai_Platform\Ai_Platform\src\assets\result\result_ai_info.xlsx, 6431/6431
2024-06-21 15:58:50,157 - INFO - Received result Excel file saved at: result_ai_info.xlsx
