2024-06-26 20:49:58,605 - INFO - -----------开始发送----------
2024-06-26 20:49:58,605 - INFO - send size: 4960
2024-06-26 20:49:58,656 - INFO - Sent Excel file done
2024-06-26 20:49:58,657 - INFO - send size: 15525894
2024-06-26 20:50:00,001 - INFO - Sent image file done
2024-06-26 20:50:00,001 - INFO - -----------开始接收图片----------
2024-06-26 20:50:00,001 - INFO - start to recv jpg:
2024-06-26 20:50:00,001 - INFO - recv file called
2024-06-26 20:50:04,498 - INFO - recv len: 2796500
2024-06-26 20:50:04,498 - INFO - back signal
2024-06-26 20:50:04,765 - INFO - File saved to D:\hangzhan\show\Ai_Platform\Ai_Platform\src\assets\result\ai_result.jpg, 2796500/2796500
2024-06-26 20:50:04,768 - INFO - Received result jpg file saved at: ai_result.jpg
2024-06-26 20:50:04,769 - INFO - -----------开始接收excel----------
2024-06-26 20:50:04,769 - INFO - recv file called
2024-06-26 20:50:04,772 - INFO - recv len: 6604
2024-06-26 20:50:04,772 - INFO - back signal
2024-06-26 20:50:04,775 - INFO - File saved to D:\hangzhan\show\Ai_Platform\Ai_Platform\src\assets\result\result_ai_info.xlsx, 6604/6604
2024-06-26 20:50:04,775 - INFO - Received result Excel file saved at: result_ai_info.xlsx
Starting client with image_path: D:\hangzhan\show\Ai_Platform\Ai_Platform\uploads\d8eea997-b501-4d94-812b-03b4dfecede5.tif and ai_mode: 1
File info.xlsx sent
File d8eea997-b501-4d94-812b-03b4dfecede5.tif sent
