Starting client with image_path: D:\hangzhan\show\Ai_Platform\Ai_Platform\uploads\d9875638-3158-48f8-8328-d20fa70e61b3.jpg and ai_mode: 1
Starting client work with image_path: D:\hangzhan\show\Ai_Platform\Ai_Platform\uploads\d9875638-3158-48f8-8328-d20fa70e61b3.jpg and ai_mode: 1
Connected to server at ('172.16.100.104', 12345)
2024-06-20 13:47:34,928 - INFO - send size: 4960
File info.xlsx sent
2024-06-20 13:47:34,940 - INFO - Sent Excel file
2024-06-20 13:47:34,940 - INFO - send size: 2621448
File d9875638-3158-48f8-8328-d20fa70e61b3.jpg sent
2024-06-20 13:47:34,990 - INFO - Sent image file
2024-06-20 13:47:34,990 - INFO - start to recv excel:
2024-06-20 13:47:34,992 - INFO - recv file called
2024-06-20 13:47:46,155 - INFO - recv len: 6598
2024-06-20 13:47:46,155 - INFO - back signal
2024-06-20 13:47:46,159 - INFO - File saved to D:\hangzhan\show\Ai_Platform\Ai_Platform\src\assets\result\result_ai_info.xlsx, 6598/6598
2024-06-20 13:47:46,160 - INFO - Received result Excel file saved at: result_ai_info.xlsx
2024-06-20 13:47:46,160 - INFO - start to recv jpg:
2024-06-20 13:47:46,161 - INFO - recv file called
2024-06-20 13:47:46,162 - INFO - recv len: 2793264
2024-06-20 13:47:46,162 - INFO - back signal
2024-06-20 13:47:46,419 - INFO - File saved to D:\hangzhan\show\Ai_Platform\Ai_Platform\src\assets\result\ai_result.jpg, 2793264/2793264
2024-06-20 13:47:46,420 - INFO - Received result jpg file saved at: ai_result.jpg
