Starting client with image_path: D:\hangzhan\show\Ai_Platform\Ai_Platform\uploads\db095c5b-395d-4e96-b181-dd870827ba06.jpg and ai_mode: 2
2024-06-25 10:08:50,860 - INFO - -----------开始发送----------
2024-06-25 10:08:50,860 - INFO - send size: 4963
File info.xlsx sent
2024-06-25 10:08:50,888 - INFO - Sent Excel file done
2024-06-25 10:08:50,889 - INFO - send size: 3075323
File db095c5b-395d-4e96-b181-dd870827ba06.jpg sent
2024-06-25 10:08:51,170 - INFO - Sent image file done
2024-06-25 10:08:51,170 - INFO - -----------开始接收图片----------
2024-06-25 10:08:51,170 - INFO - start to recv jpg:
2024-06-25 10:08:51,171 - INFO - recv file called
2024-06-25 10:08:54,716 - INFO - recv len: 3259533
2024-06-25 10:08:54,718 - INFO - back signal
2024-06-25 10:08:55,006 - INFO - File saved to D:\hangzhan\show\Ai_Platform\Ai_Platform\src\assets\result\ai_result.jpg, 3259533/3259533
2024-06-25 10:08:55,006 - INFO - Received result jpg file saved at: ai_result.jpg
2024-06-25 10:08:55,007 - INFO - -----------开始接收excel----------
2024-06-25 10:08:55,008 - INFO - recv file called
2024-06-25 10:08:55,010 - INFO - recv len: 5522
2024-06-25 10:08:55,010 - INFO - back signal
2024-06-25 10:08:55,014 - INFO - File saved to D:\hangzhan\show\Ai_Platform\Ai_Platform\src\assets\result\result_ai_info.xlsx, 5522/5522
2024-06-25 10:08:55,014 - INFO - Received result Excel file saved at: result_ai_info.xlsx
