Starting client with image_path: D:\hangzhan\show\Ai_Platform\Ai_Platform\uploads\dbb62503-9968-4b21-9f78-16ed6026265c.jpg and ai_mode: 1
Starting client work with image_path: D:\hangzhan\show\Ai_Platform\Ai_Platform\uploads\dbb62503-9968-4b21-9f78-16ed6026265c.jpg and ai_mode: 1
Connected to server at ('172.16.100.104', 12345)
2024-06-20 13:06:09,366 - INFO - send size: 4959
File info.xlsx sent
2024-06-20 13:06:09,379 - INFO - Sent Excel file
2024-06-20 13:06:09,379 - INFO - send size: 13064653
File dbb62503-9968-4b21-9f78-16ed6026265c.jpg sent
2024-06-20 13:06:09,413 - INFO - Sent image file
2024-06-20 13:06:09,413 - INFO - start to recv excel:
2024-06-20 13:06:09,414 - INFO - recv file called
2024-06-20 13:06:13,906 - INFO - recv len: 5353
2024-06-20 13:06:13,907 - INFO - back signal
2024-06-20 13:06:13,907 - ERROR - [Errno 13] Permission denied: 'D:\\hangzhan\\show\\Ai_Platform\\Ai_Platform\\src\\assets\\result\\result_ai_info.xlsx'
2024-06-20 13:06:13,907 - INFO - Received result Excel file saved at: result_ai_info.xlsx
2024-06-20 13:06:13,907 - INFO - start to recv jpg:
2024-06-20 13:06:13,908 - INFO - recv file called
2024-06-20 13:06:13,909 - INFO - recv len: 1347093252
2024-06-20 13:06:13,909 - INFO - back signal
2024-06-20 13:06:15,040 - INFO - File saved to D:\hangzhan\show\Ai_Platform\Ai_Platform\src\assets\result\ai_result.jpg, 13067856/1347093252
2024-06-20 13:06:15,040 - INFO - Received result jpg file saved at: ai_result.jpg
