Starting client with image_path: D:\hangzhan\show\Ai_Platform\Ai_Platform\uploads\dc2802c2-bd05-4b8a-a697-b54cf662829d.jpg and ai_mode: 1
2024-06-21 16:18:41,833 - INFO - -----------开始发送----------
2024-06-21 16:18:41,833 - INFO - send size: 4960
File info.xlsx sent
2024-06-21 16:18:41,859 - INFO - Sent Excel file done
2024-06-21 16:18:41,860 - INFO - send size: 13064653
File dc2802c2-bd05-4b8a-a697-b54cf662829d.jpg sent
2024-06-21 16:18:42,996 - INFO - Sent image file done
2024-06-21 16:18:42,997 - INFO - -----------开始接收图片----------
2024-06-21 16:18:42,997 - INFO - start to recv jpg:
2024-06-21 16:18:42,997 - INFO - recv file called
2024-06-21 16:18:47,999 - INFO - recv len: 13066325
2024-06-21 16:18:47,999 - INFO - back signal
2024-06-21 16:18:49,179 - INFO - File saved to D:\hangzhan\show\Ai_Platform\Ai_Platform\src\assets\result\ai_result.jpg, 13066325/13066325
2024-06-21 16:18:49,179 - INFO - Received result jpg file saved at: ai_result.jpg
2024-06-21 16:18:49,181 - INFO - -----------开始接收excel----------
2024-06-21 16:18:49,181 - INFO - recv file called
2024-06-21 16:18:49,183 - INFO - recv len: 6514
2024-06-21 16:18:49,183 - INFO - back signal
2024-06-21 16:18:49,186 - INFO - File saved to D:\hangzhan\show\Ai_Platform\Ai_Platform\src\assets\result\result_ai_info.xlsx, 6514/6514
2024-06-21 16:18:49,187 - INFO - Received result Excel file saved at: result_ai_info.xlsx
