Starting client with image_path: D:\hangzhan\show\Ai_Platform\Ai_Platform\uploads\dc50ad3f-9e60-452b-81ad-0bc19d34bec8.jpg and ai_mode: 2
2024-06-21 16:04:50,758 - INFO - -----------开始发送----------
2024-06-21 16:04:50,758 - INFO - send size: 4963
File info.xlsx sent
2024-06-21 16:04:50,804 - INFO - Sent Excel file done
2024-06-21 16:04:50,806 - INFO - send size: 13064653
File dc50ad3f-9e60-452b-81ad-0bc19d34bec8.jpg sent
2024-06-21 16:04:51,950 - INFO - Sent image file done
2024-06-21 16:04:51,951 - INFO - -----------开始接收图片----------
2024-06-21 16:04:51,951 - INFO - start to recv jpg:
2024-06-21 16:04:51,951 - INFO - recv file called
2024-06-21 16:04:57,670 - INFO - recv len: 13270787
2024-06-21 16:04:57,670 - INFO - back signal
2024-06-21 16:04:58,834 - INFO - File saved to D:\hangzhan\show\Ai_Platform\Ai_Platform\src\assets\result\ai_result.jpg, 13270787/13270787
2024-06-21 16:04:58,835 - INFO - Received result jpg file saved at: ai_result.jpg
2024-06-21 16:04:58,837 - INFO - -----------开始接收excel----------
2024-06-21 16:04:58,837 - INFO - recv file called
2024-06-21 16:04:58,839 - INFO - recv len: 5911
2024-06-21 16:04:58,839 - INFO - back signal
2024-06-21 16:04:58,843 - INFO - File saved to D:\hangzhan\show\Ai_Platform\Ai_Platform\src\assets\result\result_ai_info.xlsx, 5911/5911
2024-06-21 16:04:58,844 - INFO - Received result Excel file saved at: result_ai_info.xlsx
