Starting client with image_path: D:\hangzhan\show\Ai_Platform\Ai_Platform\uploads\dce77240-9630-4f4e-8d4f-560dcfb2f027.jpg and ai_mode: 2
2024-06-24 18:01:38,491 - INFO - -----------开始发送----------
2024-06-24 18:01:38,491 - INFO - send size: 4962
File info.xlsx sent
2024-06-24 18:01:38,515 - INFO - Sent Excel file done
2024-06-24 18:01:38,515 - INFO - send size: 13064653
File dce77240-9630-4f4e-8d4f-560dcfb2f027.jpg sent
2024-06-24 18:01:39,656 - INFO - Sent image file done
2024-06-24 18:01:39,656 - INFO - -----------开始接收图片----------
2024-06-24 18:01:39,656 - INFO - start to recv jpg:
2024-06-24 18:01:39,656 - INFO - recv file called
2024-06-24 18:01:45,166 - INFO - recv len: 13475427
2024-06-24 18:01:45,166 - INFO - back signal
2024-06-24 18:01:46,334 - INFO - File saved to D:\hangzhan\show\Ai_Platform\Ai_Platform\src\assets\result\ai_result.jpg, 13475427/13475427
2024-06-24 18:01:46,334 - INFO - Received result jpg file saved at: ai_result.jpg
2024-06-24 18:01:46,335 - INFO - -----------开始接收excel----------
2024-06-24 18:01:46,336 - INFO - recv file called
2024-06-24 18:01:46,338 - INFO - recv len: 6033
2024-06-24 18:01:46,338 - INFO - back signal
2024-06-24 18:01:46,342 - INFO - File saved to D:\hangzhan\show\Ai_Platform\Ai_Platform\src\assets\result\result_ai_info.xlsx, 6033/6033
2024-06-24 18:01:46,342 - INFO - Received result Excel file saved at: result_ai_info.xlsx
