Starting client with image_path: D:\hangzhan\show\Ai_Platform\Ai_Platform\uploads\ddad00ee-6ae5-4c97-934f-a8a8b4bfdebc.jpg and ai_mode: 2
2024-06-20 14:33:23,340 - INFO - -----------开始发送----------
2024-06-20 14:33:23,340 - INFO - send size: 4962
File info.xlsx sent
2024-06-20 14:33:23,350 - INFO - Sent Excel file done
2024-06-20 14:33:23,350 - INFO - send size: 13064653
File ddad00ee-6ae5-4c97-934f-a8a8b4bfdebc.jpg sent
2024-06-20 14:33:23,383 - INFO - Sent image file done
2024-06-20 14:33:23,383 - INFO - -----------开始接收图片----------
2024-06-20 14:33:23,383 - INFO - start to recv jpg:
2024-06-20 14:33:23,383 - INFO - recv file called
2024-06-20 14:33:29,978 - INFO - recv len: 13262856
2024-06-20 14:33:29,979 - INFO - back signal
2024-06-20 14:33:31,147 - INFO - File saved to D:\hangzhan\show\Ai_Platform\Ai_Platform\src\assets\result\ai_result.jpg, 13262856/13262856
2024-06-20 14:33:31,147 - INFO - Received result jpg file saved at: ai_result.jpg
2024-06-20 14:33:31,148 - INFO - -----------开始接收excel----------
2024-06-20 14:33:31,148 - INFO - recv file called
2024-06-20 14:33:34,074 - INFO - recv len: 5955
2024-06-20 14:33:34,074 - INFO - back signal
2024-06-20 14:33:34,078 - INFO - File saved to D:\hangzhan\show\Ai_Platform\Ai_Platform\src\assets\result\result_ai_info.xlsx, 5955/5955
2024-06-20 14:33:34,078 - INFO - Received result Excel file saved at: result_ai_info.xlsx
