Starting client with image_path: D:\hangzhan\show\Ai_Platform\Ai_Platform\uploads\de8e47ce-3c53-4b52-a6d6-0c851e519cac.jpg and ai_mode: 1
2024-06-21 15:08:29,308 - INFO - -----------开始发送----------
2024-06-21 15:08:29,308 - INFO - send size: 4960
File info.xlsx sent
2024-06-21 15:08:29,408 - INFO - Sent Excel file done
2024-06-21 15:08:29,408 - INFO - send size: 3075323
File de8e47ce-3c53-4b52-a6d6-0c851e519cac.jpg sent
2024-06-21 15:08:29,746 - INFO - Sent image file done
2024-06-21 15:08:29,747 - INFO - -----------开始接收图片----------
2024-06-21 15:08:29,747 - INFO - start to recv jpg:
2024-06-21 15:08:29,747 - INFO - recv file called
2024-06-21 15:08:36,405 - INFO - recv len: 3293695
2024-06-21 15:08:36,405 - INFO - back signal
2024-06-21 15:08:37,488 - INFO - File saved to D:\hangzhan\show\Ai_Platform\Ai_Platform\src\assets\result\ai_result.jpg, 3293695/3293695
2024-06-21 15:08:37,489 - INFO - Received result jpg file saved at: ai_result.jpg
2024-06-21 15:08:37,491 - INFO - -----------开始接收excel----------
2024-06-21 15:08:37,491 - INFO - recv file called
2024-06-21 15:08:37,494 - INFO - recv len: 7134
2024-06-21 15:08:37,494 - INFO - back signal
2024-06-21 15:08:37,507 - INFO - File saved to D:\hangzhan\show\Ai_Platform\Ai_Platform\src\assets\result\result_ai_info.xlsx, 7134/7134
2024-06-21 15:08:37,507 - INFO - Received result Excel file saved at: result_ai_info.xlsx
