Starting client with image_path: D:\hangzhan\show\Ai_Platform\Ai_Platform\uploads\deae5e9b-07a5-42dd-b4c8-b38a330e40f5.tif and ai_mode: 3
2024-06-25 17:12:20,133 - INFO - -----------开始发送----------
2024-06-25 17:12:20,133 - INFO - send size: 4962
File info.xlsx sent
2024-06-25 17:12:20,737 - INFO - Sent Excel file done
2024-06-25 17:12:20,737 - INFO - send size: 27024372
File deae5e9b-07a5-42dd-b4c8-b38a330e40f5.tif sent
2024-06-25 17:12:23,215 - INFO - Sent image file done
2024-06-25 17:12:23,215 - INFO - -----------开始接收图片----------
2024-06-25 17:12:23,215 - INFO - start to recv jpg:
2024-06-25 17:12:23,215 - INFO - recv file called
2024-06-25 17:12:26,600 - INFO - recv len: 2000429
2024-06-25 17:12:26,600 - INFO - back signal
2024-06-25 17:12:26,794 - INFO - File saved to D:\hangzhan\show\Ai_Platform\Ai_Platform\src\assets\result\ai_result.jpg, 2000429/2000429
2024-06-25 17:12:26,797 - INFO - Received result jpg file saved at: ai_result.jpg
2024-06-25 17:12:26,802 - INFO - -----------开始接收excel----------
2024-06-25 17:12:26,802 - INFO - recv file called
2024-06-25 17:12:26,802 - INFO - recv len: 6588
2024-06-25 17:12:26,802 - INFO - back signal
2024-06-25 17:12:26,808 - INFO - File saved to D:\hangzhan\show\Ai_Platform\Ai_Platform\src\assets\result\result_ai_info.xlsx, 6588/6588
2024-06-25 17:12:26,809 - INFO - Received result Excel file saved at: result_ai_info.xlsx
