Starting client with image_path: D:\hangzhan\show\Ai_Platform\Ai_Platform\uploads\df731333-c10f-4290-9069-4cf74f11bcf3.jpg and ai_mode: 3
2024-06-25 10:10:25,599 - INFO - -----------开始发送----------
2024-06-25 10:10:25,599 - INFO - send size: 4962
File info.xlsx sent
2024-06-25 10:10:25,629 - INFO - Sent Excel file done
2024-06-25 10:10:25,629 - INFO - send size: 3075323
File df731333-c10f-4290-9069-4cf74f11bcf3.jpg sent
2024-06-25 10:10:25,926 - INFO - Sent image file done
2024-06-25 10:10:25,927 - INFO - -----------开始接收图片----------
2024-06-25 10:10:25,927 - INFO - start to recv jpg:
2024-06-25 10:10:25,927 - INFO - recv file called
2024-06-25 10:10:28,703 - INFO - recv len: 3302182
2024-06-25 10:10:28,703 - INFO - back signal
2024-06-25 10:10:29,107 - INFO - File saved to D:\hangzhan\show\Ai_Platform\Ai_Platform\src\assets\result\ai_result.jpg, 3302182/3302182
2024-06-25 10:10:29,107 - INFO - Received result jpg file saved at: ai_result.jpg
2024-06-25 10:10:29,107 - INFO - -----------开始接收excel----------
2024-06-25 10:10:29,107 - INFO - recv file called
2024-06-25 10:10:29,111 - INFO - recv len: 6583
2024-06-25 10:10:29,111 - INFO - back signal
2024-06-25 10:10:29,116 - INFO - File saved to D:\hangzhan\show\Ai_Platform\Ai_Platform\src\assets\result\result_ai_info.xlsx, 6583/6583
2024-06-25 10:10:29,117 - INFO - Received result Excel file saved at: result_ai_info.xlsx
