Starting client with image_path: D:\hangzhan\show\Ai_Platform\Ai_Platform\uploads\e132f54f-3316-4e10-8425-618eab099fab.jpg and ai_mode: 2
Starting client work with image_path: D:\hangzhan\show\Ai_Platform\Ai_Platform\uploads\e132f54f-3316-4e10-8425-618eab099fab.jpg and ai_mode: 2
Connected to server at ('172.16.100.104', 12345)
2024-06-20 13:18:40,342 - INFO - send size: 4963
File info.xlsx sent
2024-06-20 13:18:40,354 - INFO - Sent Excel file
2024-06-20 13:18:40,354 - INFO - send size: 13064653
File e132f54f-3316-4e10-8425-618eab099fab.jpg sent
2024-06-20 13:18:40,406 - INFO - Sent image file
2024-06-20 13:18:40,406 - INFO - start to recv excel:
2024-06-20 13:18:40,408 - INFO - recv file called
2024-06-20 13:18:43,453 - INFO - recv len: 5351
2024-06-20 13:18:43,453 - INFO - back signal
2024-06-20 13:18:43,457 - INFO - File saved to D:\hangzhan\show\Ai_Platform\Ai_Platform\src\assets\result\result_ai_info.xlsx, 5351/5351
2024-06-20 13:18:43,457 - INFO - Received result Excel file saved at: result_ai_info.xlsx
2024-06-20 13:18:43,457 - INFO - start to recv jpg:
2024-06-20 13:18:43,457 - INFO - recv file called
2024-06-20 13:18:43,459 - INFO - recv len: 2981374
2024-06-20 13:18:43,459 - INFO - back signal
2024-06-20 13:18:43,724 - INFO - File saved to D:\hangzhan\show\Ai_Platform\Ai_Platform\src\assets\result\ai_result.jpg, 2981374/2981374
2024-06-20 13:18:43,724 - INFO - Received result jpg file saved at: ai_result.jpg
