Starting client with image_path: D:\hangzhan\show\Ai_Platform\Ai_Platform\uploads\e8dd6245-b8ef-45c4-9553-63849dd1a152.tif and ai_mode: 3
2024-06-24 18:09:23,103 - INFO - -----------开始发送----------
2024-06-24 18:09:23,103 - INFO - send size: 4962
File info.xlsx sent
2024-06-24 18:09:23,140 - INFO - Sent Excel file done
2024-06-24 18:09:23,140 - INFO - send size: 27024372
File e8dd6245-b8ef-45c4-9553-63849dd1a152.tif sent
2024-06-24 18:09:25,488 - INFO - Sent image file done
2024-06-24 18:09:25,488 - INFO - -----------开始接收图片----------
2024-06-24 18:09:25,488 - INFO - start to recv jpg:
2024-06-24 18:09:25,488 - INFO - recv file called
2024-06-24 18:09:28,130 - INFO - recv len: 2000070
2024-06-24 18:09:28,130 - INFO - back signal
2024-06-24 18:09:28,324 - INFO - File saved to D:\hangzhan\show\Ai_Platform\Ai_Platform\src\assets\result\ai_result.jpg, 2000070/2000070
2024-06-24 18:09:28,324 - INFO - Received result jpg file saved at: ai_result.jpg
2024-06-24 18:09:28,325 - INFO - -----------开始接收excel----------
2024-06-24 18:09:28,325 - INFO - recv file called
2024-06-24 18:09:28,325 - INFO - recv len: 6585
2024-06-24 18:09:28,325 - INFO - back signal
2024-06-24 18:09:28,330 - INFO - File saved to D:\hangzhan\show\Ai_Platform\Ai_Platform\src\assets\result\result_ai_info.xlsx, 6585/6585
2024-06-24 18:09:28,330 - INFO - Received result Excel file saved at: result_ai_info.xlsx
