Starting client with image_path: D:\hangzhan\show\Ai_Platform\Ai_Platform\uploads\eaf8c00c-a737-47f4-bb85-784aaff15627.jpg and ai_mode: 1
2024-06-21 13:21:27,480 - INFO - -----------开始发送----------
2024-06-21 13:21:27,480 - INFO - send size: 4960
File info.xlsx sent
2024-06-21 13:21:27,508 - INFO - Sent Excel file done
2024-06-21 13:21:27,508 - INFO - send size: 3075323
File eaf8c00c-a737-47f4-bb85-784aaff15627.jpg sent
2024-06-21 13:21:27,785 - INFO - Sent image file done
2024-06-21 13:21:27,785 - INFO - -----------开始接收图片----------
2024-06-21 13:21:27,785 - INFO - start to recv jpg:
2024-06-21 13:21:27,785 - INFO - recv file called
2024-06-21 13:21:31,165 - INFO - recv len: 3290686
2024-06-21 13:21:31,165 - INFO - back signal
2024-06-21 13:21:31,457 - INFO - File saved to D:\hangzhan\show\Ai_Platform\Ai_Platform\src\assets\result\ai_result.jpg, 3290686/3290686
2024-06-21 13:21:31,458 - INFO - Received result jpg file saved at: ai_result.jpg
2024-06-21 13:21:31,460 - INFO - -----------开始接收excel----------
2024-06-21 13:21:31,460 - INFO - recv file called
2024-06-21 13:21:31,461 - INFO - recv len: 7134
2024-06-21 13:21:31,461 - INFO - back signal
2024-06-21 13:21:31,464 - INFO - File saved to D:\hangzhan\show\Ai_Platform\Ai_Platform\src\assets\result\result_ai_info.xlsx, 7134/7134
2024-06-21 13:21:31,464 - INFO - Received result Excel file saved at: result_ai_info.xlsx
