Starting client with image_path: D:\hangzhan\show\Ai_Platform\Ai_Platform\uploads\ed994985-997e-4a04-b10c-8d3335956e69.jpg and ai_mode: 2
2024-06-20 14:05:36,286 - INFO - -----------开始发送----------
2024-06-20 14:05:36,286 - INFO - send size: 4962
File info.xlsx sent
2024-06-20 14:05:36,300 - INFO - Sent Excel file done
2024-06-20 14:05:36,300 - INFO - send size: 13064653
File ed994985-997e-4a04-b10c-8d3335956e69.jpg sent
2024-06-20 14:05:36,334 - INFO - Sent image file done
2024-06-20 14:05:36,335 - INFO - -----------开始接收excel----------
2024-06-20 14:05:36,335 - INFO - recv file called
2024-06-20 14:05:42,900 - INFO - recv len: 5957
2024-06-20 14:05:42,902 - INFO - back signal
2024-06-20 14:05:42,905 - INFO - File saved to D:\hangzhan\show\Ai_Platform\Ai_Platform\src\assets\result\result_ai_info.xlsx, 5957/5957
2024-06-20 14:05:42,906 - INFO - Received result Excel file saved at: result_ai_info.xlsx
2024-06-20 14:05:42,906 - INFO - -----------开始接收图片----------
2024-06-20 14:05:42,907 - INFO - start to recv jpg:
2024-06-20 14:05:42,907 - INFO - recv file called
2024-06-20 14:05:42,908 - INFO - recv len: 13226977
2024-06-20 14:05:42,908 - INFO - back signal
2024-06-20 14:05:44,111 - INFO - File saved to D:\hangzhan\show\Ai_Platform\Ai_Platform\src\assets\result\ai_result.jpg, 13226977/13226977
2024-06-20 14:05:44,112 - INFO - Received result jpg file saved at: ai_result.jpg
