Starting client with image_path: D:\hangzhan\show\Ai_Platform\Ai_Platform\uploads\f1ce0359-0f56-4472-9b59-659c0623f8ba.jpg and ai_mode: 3
2024-06-25 10:08:23,236 - INFO - -----------开始发送----------
2024-06-25 10:08:23,236 - INFO - send size: 4962
File info.xlsx sent
2024-06-25 10:08:23,262 - INFO - Sent Excel file done
2024-06-25 10:08:23,263 - INFO - send size: 3075323
File f1ce0359-0f56-4472-9b59-659c0623f8ba.jpg sent
2024-06-25 10:08:23,554 - INFO - Sent image file done
2024-06-25 10:08:23,555 - INFO - -----------开始接收图片----------
2024-06-25 10:08:23,555 - INFO - start to recv jpg:
2024-06-25 10:08:23,555 - INFO - recv file called
2024-06-25 10:08:28,739 - INFO - recv len: 3303843
2024-06-25 10:08:28,739 - INFO - back signal
2024-06-25 10:08:29,047 - INFO - File saved to D:\hangzhan\show\Ai_Platform\Ai_Platform\src\assets\result\ai_result.jpg, 3303843/3303843
2024-06-25 10:08:29,048 - INFO - Received result jpg file saved at: ai_result.jpg
2024-06-25 10:08:29,049 - INFO - -----------开始接收excel----------
2024-06-25 10:08:29,049 - INFO - recv file called
2024-06-25 10:08:29,050 - INFO - recv len: 6593
2024-06-25 10:08:29,051 - INFO - back signal
2024-06-25 10:08:29,054 - INFO - File saved to D:\hangzhan\show\Ai_Platform\Ai_Platform\src\assets\result\result_ai_info.xlsx, 6593/6593
2024-06-25 10:08:29,055 - INFO - Received result Excel file saved at: result_ai_info.xlsx
