Starting client with image_path: D:\hangzhan\show\Ai_Platform\Ai_Platform\uploads\f2eaf3c2-98a1-4995-8974-f90d26aa6f1f.jpg and ai_mode: 1
2024-06-21 19:14:23,603 - INFO - -----------开始发送----------
2024-06-21 19:14:23,603 - INFO - send size: 4959
File info.xlsx sent
2024-06-21 19:14:23,641 - INFO - Sent Excel file done
2024-06-21 19:14:23,641 - INFO - send size: 3075323
File f2eaf3c2-98a1-4995-8974-f90d26aa6f1f.jpg sent
2024-06-21 19:14:23,923 - INFO - Sent image file done
2024-06-21 19:14:23,924 - INFO - -----------开始接收图片----------
2024-06-21 19:14:23,924 - INFO - start to recv jpg:
2024-06-21 19:14:23,924 - INFO - recv file called
2024-06-21 19:14:26,860 - INFO - recv len: 3277740
2024-06-21 19:14:26,861 - INFO - back signal
2024-06-21 19:14:27,164 - INFO - File saved to D:\hangzhan\show\Ai_Platform\Ai_Platform\src\assets\result\ai_result.jpg, 3277740/3277740
2024-06-21 19:14:27,165 - INFO - Received result jpg file saved at: ai_result.jpg
2024-06-21 19:14:27,166 - INFO - -----------开始接收excel----------
2024-06-21 19:14:27,166 - INFO - recv file called
2024-06-21 19:14:27,170 - INFO - recv len: 7140
2024-06-21 19:14:27,170 - INFO - back signal
2024-06-21 19:14:27,174 - INFO - File saved to D:\hangzhan\show\Ai_Platform\Ai_Platform\src\assets\result\result_ai_info.xlsx, 7140/7140
2024-06-21 19:14:27,175 - INFO - Received result Excel file saved at: result_ai_info.xlsx
