Starting client with image_path: D:\hangzhan\show\Ai_Platform\Ai_Platform\uploads\f84ae64b-82dc-4988-87f1-9e1625bb77f0.tif and ai_mode: 3
2024-06-24 18:12:14,386 - INFO - -----------开始发送----------
2024-06-24 18:12:14,386 - INFO - send size: 4962
File info.xlsx sent
2024-06-24 18:12:14,419 - INFO - Sent Excel file done
2024-06-24 18:12:14,419 - INFO - send size: 27024372
File f84ae64b-82dc-4988-87f1-9e1625bb77f0.tif sent
2024-06-24 18:12:16,836 - INFO - Sent image file done
2024-06-24 18:12:16,836 - INFO - -----------开始接收图片----------
2024-06-24 18:12:16,836 - INFO - start to recv jpg:
2024-06-24 18:12:16,836 - INFO - recv file called
2024-06-24 18:12:19,468 - INFO - recv len: 2004089
2024-06-24 18:12:19,468 - INFO - back signal
2024-06-24 18:12:19,671 - INFO - File saved to D:\hangzhan\show\Ai_Platform\Ai_Platform\src\assets\result\ai_result.jpg, 2004089/2004089
2024-06-24 18:12:19,671 - INFO - Received result jpg file saved at: ai_result.jpg
2024-06-24 18:12:19,681 - INFO - -----------开始接收excel----------
2024-06-24 18:12:19,681 - INFO - recv file called
2024-06-24 18:12:19,681 - INFO - recv len: 6584
2024-06-24 18:12:19,681 - INFO - back signal
2024-06-24 18:12:19,689 - INFO - File saved to D:\hangzhan\show\Ai_Platform\Ai_Platform\src\assets\result\result_ai_info.xlsx, 6584/6584
2024-06-24 18:12:19,689 - INFO - Received result Excel file saved at: result_ai_info.xlsx
