Starting client with image_path: D:\hangzhan\show\Ai_Platform\Ai_Platform\uploads\f861fa09-2010-4978-aeb9-75abd6d40412.jpg and ai_mode: 1
2024-06-25 09:58:03,332 - INFO - -----------开始发送----------
2024-06-25 09:58:03,332 - INFO - send size: 4960
File info.xlsx sent
2024-06-25 09:58:03,387 - INFO - Sent Excel file done
2024-06-25 09:58:03,387 - INFO - send size: 9422177
File f861fa09-2010-4978-aeb9-75abd6d40412.jpg sent
2024-06-25 09:58:05,415 - INFO - Sent image file done
2024-06-25 09:58:05,415 - INFO - -----------开始接收图片----------
2024-06-25 09:58:05,415 - INFO - start to recv jpg:
2024-06-25 09:58:05,415 - INFO - recv file called
2024-06-25 09:58:08,132 - INFO - recv len: 9440855
2024-06-25 09:58:08,132 - INFO - back signal
2024-06-25 09:58:10,267 - INFO - File saved to D:\hangzhan\show\Ai_Platform\Ai_Platform\src\assets\result\ai_result.jpg, 9440855/9440855
2024-06-25 09:58:10,267 - INFO - Received result jpg file saved at: ai_result.jpg
2024-06-25 09:58:10,267 - INFO - -----------开始接收excel----------
2024-06-25 09:58:10,267 - INFO - recv file called
2024-06-25 09:58:10,267 - INFO - recv len: 5360
2024-06-25 09:58:10,267 - INFO - back signal
2024-06-25 09:58:10,267 - INFO - File saved to D:\hangzhan\show\Ai_Platform\Ai_Platform\src\assets\result\result_ai_info.xlsx, 5360/5360
2024-06-25 09:58:10,282 - INFO - Received result Excel file saved at: result_ai_info.xlsx
