Starting client with image_path: D:\hangzhan\show\Ai_Platform\Ai_Platform\uploads\f87982e6-f6d0-46d4-83c6-11cd84297ea4.tif and ai_mode: 3
2024-06-21 19:35:12,372 - INFO - -----------开始发送----------
2024-06-21 19:35:12,373 - INFO - send size: 4962
File info.xlsx sent
2024-06-21 19:35:12,410 - INFO - Sent Excel file done
2024-06-21 19:35:12,411 - INFO - send size: 15525894
File f87982e6-f6d0-46d4-83c6-11cd84297ea4.tif sent
2024-06-21 19:35:13,895 - INFO - Sent image file done
2024-06-21 19:35:13,895 - INFO - -----------开始接收图片----------
2024-06-21 19:35:13,895 - INFO - start to recv jpg:
2024-06-21 19:35:13,895 - INFO - recv file called
2024-06-21 19:35:18,852 - INFO - recv len: 2807114
2024-06-21 19:35:18,852 - INFO - back signal
2024-06-21 19:35:19,104 - INFO - File saved to D:\hangzhan\show\Ai_Platform\Ai_Platform\src\assets\result\ai_result.jpg, 2807114/2807114
2024-06-21 19:35:19,104 - INFO - Received result jpg file saved at: ai_result.jpg
2024-06-21 19:35:19,106 - INFO - -----------开始接收excel----------
2024-06-21 19:35:19,106 - INFO - recv file called
2024-06-21 19:35:19,108 - INFO - recv len: 6579
2024-06-21 19:35:19,108 - INFO - back signal
2024-06-21 19:35:19,111 - INFO - File saved to D:\hangzhan\show\Ai_Platform\Ai_Platform\src\assets\result\result_ai_info.xlsx, 6579/6579
2024-06-21 19:35:19,113 - INFO - Received result Excel file saved at: result_ai_info.xlsx
