Starting client with image_path: D:\hangzhan\show\Ai_Platform\Ai_Platform\uploads\f92e8f73-6c80-4f7b-93b4-fe5aec17efa4.tif and ai_mode: 3
2024-06-25 10:11:16,693 - INFO - -----------开始发送----------
2024-06-25 10:11:16,693 - INFO - send size: 4962
File info.xlsx sent
2024-06-25 10:11:16,719 - INFO - Sent Excel file done
2024-06-25 10:11:16,720 - INFO - send size: 15525894
File f92e8f73-6c80-4f7b-93b4-fe5aec17efa4.tif sent
2024-06-25 10:11:18,085 - INFO - Sent image file done
2024-06-25 10:11:18,085 - INFO - -----------开始接收图片----------
2024-06-25 10:11:18,085 - INFO - start to recv jpg:
2024-06-25 10:11:18,085 - INFO - recv file called
2024-06-25 10:11:23,302 - INFO - recv len: 2798810
2024-06-25 10:11:23,302 - INFO - back signal
2024-06-25 10:11:23,677 - INFO - File saved to D:\hangzhan\show\Ai_Platform\Ai_Platform\src\assets\result\ai_result.jpg, 2798810/2798810
2024-06-25 10:11:23,677 - INFO - Received result jpg file saved at: ai_result.jpg
2024-06-25 10:11:23,679 - INFO - -----------开始接收excel----------
2024-06-25 10:11:23,679 - INFO - recv file called
2024-06-25 10:11:23,681 - INFO - recv len: 6584
2024-06-25 10:11:23,682 - INFO - back signal
2024-06-25 10:11:23,687 - INFO - File saved to D:\hangzhan\show\Ai_Platform\Ai_Platform\src\assets\result\result_ai_info.xlsx, 6584/6584
2024-06-25 10:11:23,687 - INFO - Received result Excel file saved at: result_ai_info.xlsx
